.\search-framework\target\release\scan.exe : [scan] m<=50000 (5.0%)  elapsed 8.1s  max_t=9363863 at m=31873  
unresolved=0
At line:1 char:348
+ ... Conjecture; .\search-framework\target\release\scan.exe --lo 1 --hi 10 ...
+                 ~~~~~~~~~~~~~~~~~~~~~~~~~~~~~~~~~~~~~~~~~~~~~~~~~~~~~~~~~
    + CategoryInfo          : NotSpecified: ([scan] m<=50000...3  unresolved=0:String) [], RemoteException
    + FullyQualifiedErrorId : NativeCommandError
 
[scan] m<=100000 (10.0%)  elapsed 8.6s  max_t=9363863 at m=31873  unresolved=0
[scan] m<=150000 (15.0%)  elapsed 16.8s  max_t=9363863 at m=31873  unresolved=0
[scan] m<=200000 (20.0%)  elapsed 19.7s  max_t=9363863 at m=31873  unresolved=0
[scan] m<=250000 (25.0%)  elapsed 21.4s  max_t=9363863 at m=31873  unresolved=0
[scan] m<=300000 (30.0%)  elapsed 22.5s  max_t=9363863 at m=31873  unresolved=0
[scan] m<=350000 (35.0%)  elapsed 29.0s  max_t=9363863 at m=31873  unresolved=0
[scan] m<=400000 (40.0%)  elapsed 40.0s  max_t=9363863 at m=31873  unresolved=0
[scan] m<=450000 (45.0%)  elapsed 46.7s  max_t=9363863 at m=31873  unresolved=0
[scan] m<=500000 (50.0%)  elapsed 48.6s  max_t=9363863 at m=31873  unresolved=0
[scan] m<=550000 (55.0%)  elapsed 50.6s  max_t=9363863 at m=31873  unresolved=0
[scan] m<=600000 (60.0%)  elapsed 51.4s  max_t=9363863 at m=31873  unresolved=0
[scan] m<=650000 (65.0%)  elapsed 52.2s  max_t=9363863 at m=31873  unresolved=0
[scan] m<=700000 (70.0%)  elapsed 53.0s  max_t=9363863 at m=31873  unresolved=0
[scan] m<=750000 (75.0%)  elapsed 56.8s  max_t=9363863 at m=31873  unresolved=0
[scan] m<=800000 (80.0%)  elapsed 59.8s  max_t=9363863 at m=31873  unresolved=0
[scan] m<=850000 (85.0%)  elapsed 61.4s  max_t=9363863 at m=31873  unresolved=0
[scan] m<=900000 (90.0%)  elapsed 66.0s  max_t=9363863 at m=31873  unresolved=0
[scan] m<=950000 (95.0%)  elapsed 76.4s  max_t=9363863 at m=31873  unresolved=0
[scan] m<=1000000 (100.0%)  elapsed 80.4s  max_t=9363863 at m=31873  unresolved=0
range              : 1..=1000000  (this run started at 1)
max-n cap          : 50000000
rows written       : 1000000
unresolved         : 0
longest t(m)       : t=9363863 at m=31873
largest c(m)       : c=2341202 at m=31873
fnv1a64 digest     : 0x888496cf7dd808f5
elapsed seconds    : 80.43
