.\search-framework\target\release\sweep.exe : [sweep] n=200000 live=158 elapsed=11.0s
At line:3 char:1
+ .\search-framework\target\release\sweep.exe --lo 1 --hi 10000000 --ma ...
+ ~~~~~~~~~~~~~~~~~~~~~~~~~~~~~~~~~~~~~~~~~~~~~~~~~~~~~~~~~~~~~~~~~~~~~
    + CategoryInfo          : NotSpecified: ([sweep] n=200000 live=158 elapsed=11.0s:String) [], RemoteException
    + FullyQualifiedErrorId : NativeCommandError
 
[sweep] n=400000 live=99 elapsed=12.5s
[sweep] n=600000 live=75 elapsed=13.4s
[sweep] n=800000 live=64 elapsed=14.2s
[sweep] n=1000000 live=56 elapsed=14.9s
[sweep] n=1200000 live=49 elapsed=15.6s
[sweep] n=1400000 live=46 elapsed=16.1s
[sweep] n=1600000 live=44 elapsed=16.7s
[sweep] n=1800000 live=41 elapsed=17.2s
[sweep] n=2000000 live=40 elapsed=17.7s
[sweep] n=2200000 live=38 elapsed=18.2s
[sweep] n=2400000 live=37 elapsed=18.6s
[sweep] n=2600000 live=35 elapsed=19.1s
[sweep] n=2800000 live=33 elapsed=19.5s
[sweep] n=3000000 live=31 elapsed=19.9s
[sweep] n=3200000 live=30 elapsed=20.2s
[sweep] n=3400000 live=30 elapsed=20.6s
[sweep] n=3600000 live=30 elapsed=21.0s
[sweep] n=3800000 live=29 elapsed=21.3s
[sweep] n=4000000 live=29 elapsed=21.7s
[sweep] n=4200000 live=28 elapsed=22.0s
[sweep] n=4400000 live=28 elapsed=22.4s
[sweep] n=4600000 live=26 elapsed=22.7s
[sweep] n=4800000 live=25 elapsed=23.0s
[sweep] n=5000000 live=25 elapsed=23.4s
[sweep] n=5200000 live=25 elapsed=23.7s
[sweep] n=5400000 live=25 elapsed=24.0s
[sweep] n=5600000 live=25 elapsed=24.3s
[sweep] n=5800000 live=23 elapsed=24.6s
[sweep] n=6000000 live=23 elapsed=24.9s
[sweep] n=6200000 live=23 elapsed=25.1s
[sweep] n=6400000 live=23 elapsed=25.4s
[sweep] n=6600000 live=23 elapsed=25.7s
[sweep] n=6800000 live=22 elapsed=26.0s
[sweep] n=7000000 live=22 elapsed=26.3s
[sweep] n=7200000 live=20 elapsed=26.5s
[sweep] n=7400000 live=20 elapsed=26.8s
[sweep] n=7600000 live=20 elapsed=27.0s
[sweep] n=7800000 live=20 elapsed=27.3s
[sweep] n=8000000 live=20 elapsed=27.5s
[sweep] n=8200000 live=20 elapsed=27.8s
[sweep] n=8400000 live=19 elapsed=28.0s
[sweep] n=8600000 live=19 elapsed=28.2s
[sweep] n=8800000 live=19 elapsed=28.5s
[sweep] n=9000000 live=18 elapsed=28.7s
[sweep] n=9200000 live=18 elapsed=28.9s
[sweep] n=9400000 live=16 elapsed=29.1s
[sweep] n=9600000 live=16 elapsed=29.3s
[sweep] n=9800000 live=15 elapsed=29.5s
[sweep] n=10000000 live=15 elapsed=29.7s
[sweep] n=10200000 live=15 elapsed=29.9s
[sweep] n=10400000 live=15 elapsed=30.1s
[sweep] n=10600000 live=14 elapsed=30.3s
[sweep] n=10800000 live=14 elapsed=30.4s
[sweep] n=11000000 live=14 elapsed=30.6s
[sweep] n=11200000 live=14 elapsed=30.8s
[sweep] n=11400000 live=14 elapsed=30.9s
[sweep] n=11600000 live=13 elapsed=31.1s
[sweep] n=11800000 live=13 elapsed=31.3s
[sweep] n=12000000 live=13 elapsed=31.4s
[sweep] n=12200000 live=13 elapsed=31.6s
[sweep] n=12400000 live=13 elapsed=31.8s
[sweep] n=12600000 live=13 elapsed=31.9s
[sweep] n=12800000 live=13 elapsed=32.1s
[sweep] n=13000000 live=13 elapsed=32.2s
[sweep] n=13200000 live=13 elapsed=32.4s
[sweep] n=13400000 live=13 elapsed=32.6s
[sweep] n=13600000 live=13 elapsed=32.8s
[sweep] n=13800000 live=13 elapsed=33.0s
[sweep] n=14000000 live=13 elapsed=33.2s
[sweep] n=14200000 live=13 elapsed=33.4s
[sweep] n=14400000 live=13 elapsed=33.6s
[sweep] n=14600000 live=13 elapsed=33.8s
[sweep] n=14800000 live=13 elapsed=33.9s
[sweep] n=15000000 live=12 elapsed=34.1s
[sweep] n=15200000 live=12 elapsed=34.2s
[sweep] n=15400000 live=12 elapsed=34.3s
[sweep] n=15600000 live=12 elapsed=34.5s
[sweep] n=15800000 live=12 elapsed=34.6s
[sweep] n=16000000 live=12 elapsed=34.8s
[sweep] n=16200000 live=12 elapsed=34.9s
[sweep] n=16400000 live=12 elapsed=35.0s
[sweep] n=16600000 live=12 elapsed=35.2s
[sweep] n=16800000 live=12 elapsed=35.3s
[sweep] n=17000000 live=11 elapsed=35.4s
[sweep] n=17200000 live=11 elapsed=35.6s
[sweep] n=17400000 live=11 elapsed=35.7s
[sweep] n=17600000 live=11 elapsed=35.8s
[sweep] n=17800000 live=11 elapsed=35.9s
[sweep] n=18000000 live=10 elapsed=36.0s
[sweep] n=18200000 live=10 elapsed=36.1s
[sweep] n=18400000 live=10 elapsed=36.3s
[sweep] n=18600000 live=10 elapsed=36.4s
[sweep] n=18800000 live=10 elapsed=36.5s
[sweep] n=19000000 live=10 elapsed=36.6s
[sweep] n=19200000 live=10 elapsed=36.7s
[sweep] n=19400000 live=10 elapsed=36.8s
[sweep] n=19600000 live=10 elapsed=36.9s
[sweep] n=19800000 live=10 elapsed=37.0s
[sweep] n=20000000 live=10 elapsed=37.1s
[sweep] n=20200000 live=10 elapsed=37.3s
[sweep] n=20400000 live=10 elapsed=37.4s
[sweep] n=20600000 live=10 elapsed=37.5s
[sweep] n=20800000 live=10 elapsed=37.6s
[sweep] n=21000000 live=10 elapsed=37.7s
[sweep] n=21200000 live=10 elapsed=37.8s
[sweep] n=21400000 live=10 elapsed=37.9s
[sweep] n=21600000 live=10 elapsed=38.0s
[sweep] n=21800000 live=9 elapsed=38.1s
[sweep] n=22000000 live=8 elapsed=38.2s
[sweep] n=22200000 live=8 elapsed=38.3s
[sweep] n=22400000 live=8 elapsed=38.4s
[sweep] n=22600000 live=8 elapsed=38.4s
[sweep] n=22800000 live=8 elapsed=38.5s
[sweep] n=23000000 live=8 elapsed=38.6s
[sweep] n=23200000 live=8 elapsed=38.7s
[sweep] n=23400000 live=8 elapsed=38.8s
[sweep] n=23600000 live=8 elapsed=38.8s
[sweep] n=23800000 live=8 elapsed=38.9s
[sweep] n=24000000 live=8 elapsed=39.0s
[sweep] n=24200000 live=8 elapsed=39.1s
[sweep] n=24400000 live=7 elapsed=39.2s
[sweep] n=24600000 live=7 elapsed=39.2s
[sweep] n=24800000 live=7 elapsed=39.3s
[sweep] n=25000000 live=7 elapsed=39.4s
[sweep] n=25200000 live=7 elapsed=39.5s
[sweep] n=25400000 live=7 elapsed=39.5s
[sweep] n=25600000 live=7 elapsed=39.6s
[sweep] n=25800000 live=7 elapsed=39.7s
[sweep] n=26000000 live=7 elapsed=39.8s
[sweep] n=26200000 live=7 elapsed=39.9s
[sweep] n=26400000 live=7 elapsed=39.9s
[sweep] n=26600000 live=7 elapsed=40.0s
[sweep] n=26800000 live=7 elapsed=40.1s
[sweep] n=27000000 live=7 elapsed=40.2s
[sweep] n=27200000 live=7 elapsed=40.2s
[sweep] n=27400000 live=7 elapsed=40.3s
[sweep] n=27600000 live=7 elapsed=40.4s
[sweep] n=27800000 live=7 elapsed=40.5s
[sweep] n=28000000 live=7 elapsed=40.6s
[sweep] n=28200000 live=7 elapsed=40.6s
[sweep] n=28400000 live=7 elapsed=40.7s
[sweep] n=28600000 live=7 elapsed=40.8s
[sweep] n=28800000 live=7 elapsed=40.9s
[sweep] n=29000000 live=7 elapsed=40.9s
[sweep] n=29200000 live=7 elapsed=41.0s
[sweep] n=29400000 live=7 elapsed=41.1s
[sweep] n=29600000 live=7 elapsed=41.2s
[sweep] n=29800000 live=7 elapsed=41.3s
[sweep] n=30000000 live=7 elapsed=41.3s
[sweep] n=30200000 live=7 elapsed=41.4s
[sweep] n=30400000 live=7 elapsed=41.5s
[sweep] n=30600000 live=7 elapsed=41.6s
[sweep] n=30800000 live=7 elapsed=41.7s
[sweep] n=31000000 live=7 elapsed=41.7s
[sweep] n=31200000 live=7 elapsed=41.8s
[sweep] n=31400000 live=7 elapsed=41.9s
[sweep] n=31600000 live=7 elapsed=42.0s
[sweep] n=31800000 live=7 elapsed=42.1s
[sweep] n=32000000 live=7 elapsed=42.2s
[sweep] n=32200000 live=7 elapsed=42.2s
[sweep] n=32400000 live=7 elapsed=42.3s
[sweep] n=32600000 live=7 elapsed=42.4s
[sweep] n=32800000 live=7 elapsed=42.5s
[sweep] n=33000000 live=7 elapsed=42.6s
[sweep] n=33200000 live=7 elapsed=42.6s
[sweep] n=33400000 live=7 elapsed=42.7s
[sweep] n=33600000 live=7 elapsed=42.8s
[sweep] n=33800000 live=7 elapsed=42.9s
[sweep] n=34000000 live=7 elapsed=43.0s
[sweep] n=34200000 live=7 elapsed=43.1s
[sweep] n=34400000 live=7 elapsed=43.1s
[sweep] n=34600000 live=7 elapsed=43.2s
[sweep] n=34800000 live=7 elapsed=43.3s
[sweep] n=35000000 live=7 elapsed=43.4s
[sweep] n=35200000 live=7 elapsed=43.5s
[sweep] n=35400000 live=7 elapsed=43.5s
[sweep] n=35600000 live=7 elapsed=43.6s
[sweep] n=35800000 live=7 elapsed=43.7s
[sweep] n=36000000 live=7 elapsed=43.8s
[sweep] n=36200000 live=7 elapsed=43.9s
[sweep] n=36400000 live=7 elapsed=43.9s
[sweep] n=36600000 live=7 elapsed=44.0s
[sweep] n=36800000 live=7 elapsed=44.1s
[sweep] n=37000000 live=7 elapsed=44.2s
[sweep] n=37200000 live=7 elapsed=44.3s
[sweep] n=37400000 live=7 elapsed=44.3s
[sweep] n=37600000 live=7 elapsed=44.4s
[sweep] n=37800000 live=7 elapsed=44.5s
[sweep] n=38000000 live=7 elapsed=44.6s
[sweep] n=38200000 live=7 elapsed=44.7s
[sweep] n=38400000 live=7 elapsed=44.8s
[sweep] n=38600000 live=7 elapsed=44.8s
[sweep] n=38800000 live=7 elapsed=44.9s
[sweep] n=39000000 live=7 elapsed=45.0s
[sweep] n=39200000 live=7 elapsed=45.1s
[sweep] n=39400000 live=7 elapsed=45.1s
[sweep] n=39600000 live=7 elapsed=45.2s
[sweep] n=39800000 live=7 elapsed=45.3s
[sweep] n=40000000 live=7 elapsed=45.4s
[sweep] n=40200000 live=7 elapsed=45.5s
[sweep] n=40400000 live=7 elapsed=45.5s
[sweep] n=40600000 live=7 elapsed=45.6s
[sweep] n=40800000 live=7 elapsed=45.7s
[sweep] n=41000000 live=7 elapsed=45.8s
[sweep] n=41200000 live=7 elapsed=45.9s
[sweep] n=41400000 live=7 elapsed=45.9s
[sweep] n=41600000 live=7 elapsed=46.0s
[sweep] n=41800000 live=7 elapsed=46.1s
[sweep] n=42000000 live=7 elapsed=46.2s
[sweep] n=42200000 live=7 elapsed=46.3s
[sweep] n=42400000 live=7 elapsed=46.3s
[sweep] n=42600000 live=7 elapsed=46.4s
[sweep] n=42800000 live=7 elapsed=46.5s
[sweep] n=43000000 live=7 elapsed=46.6s
[sweep] n=43200000 live=7 elapsed=46.7s
[sweep] n=43400000 live=7 elapsed=46.8s
[sweep] n=43600000 live=7 elapsed=46.8s
[sweep] n=43800000 live=7 elapsed=46.9s
[sweep] n=44000000 live=7 elapsed=47.0s
[sweep] n=44200000 live=7 elapsed=47.1s
[sweep] n=44400000 live=7 elapsed=47.2s
[sweep] n=44600000 live=7 elapsed=47.2s
[sweep] n=44800000 live=7 elapsed=47.3s
[sweep] n=45000000 live=7 elapsed=47.4s
[sweep] n=45200000 live=7 elapsed=47.5s
[sweep] n=45400000 live=7 elapsed=47.6s
[sweep] n=45600000 live=7 elapsed=47.6s
[sweep] n=45800000 live=6 elapsed=47.7s
[sweep] n=46000000 live=6 elapsed=47.8s
[sweep] n=46200000 live=6 elapsed=47.9s
[sweep] n=46400000 live=6 elapsed=47.9s
[sweep] n=46600000 live=6 elapsed=48.0s
[sweep] n=46800000 live=6 elapsed=48.1s
[sweep] n=47000000 live=6 elapsed=48.1s
[sweep] n=47200000 live=6 elapsed=48.2s
[sweep] n=47400000 live=6 elapsed=48.3s
[sweep] n=47600000 live=6 elapsed=48.3s
[sweep] n=47800000 live=6 elapsed=48.4s
[sweep] n=48000000 live=6 elapsed=48.5s
[sweep] n=48200000 live=6 elapsed=48.5s
[sweep] n=48400000 live=6 elapsed=48.6s
[sweep] n=48600000 live=6 elapsed=48.7s
[sweep] n=48800000 live=6 elapsed=48.8s
[sweep] n=49000000 live=6 elapsed=48.8s
[sweep] n=49200000 live=6 elapsed=48.9s
[sweep] n=49400000 live=6 elapsed=49.0s
[sweep] n=49600000 live=6 elapsed=49.0s
[sweep] n=49800000 live=6 elapsed=49.1s
[sweep] n=50000000 live=6 elapsed=49.2s
[sweep] n=50200000 live=6 elapsed=49.2s
[sweep] n=50400000 live=6 elapsed=49.3s
[sweep] n=50600000 live=6 elapsed=49.4s
[sweep] n=50800000 live=6 elapsed=49.4s
[sweep] n=51000000 live=6 elapsed=49.5s
[sweep] n=51200000 live=6 elapsed=49.6s
[sweep] n=51400000 live=6 elapsed=49.6s
[sweep] n=51600000 live=6 elapsed=49.7s
[sweep] n=51800000 live=6 elapsed=49.8s
[sweep] n=52000000 live=6 elapsed=49.9s
[sweep] n=52200000 live=6 elapsed=49.9s
[sweep] n=52400000 live=6 elapsed=50.0s
[sweep] n=52600000 live=6 elapsed=50.1s
[sweep] n=52800000 live=6 elapsed=50.1s
[sweep] n=53000000 live=6 elapsed=50.2s
[sweep] n=53200000 live=6 elapsed=50.3s
[sweep] n=53400000 live=6 elapsed=50.3s
[sweep] n=53600000 live=5 elapsed=50.4s
[sweep] n=53800000 live=5 elapsed=50.5s
[sweep] n=54000000 live=5 elapsed=50.5s
[sweep] n=54200000 live=5 elapsed=50.6s
[sweep] n=54400000 live=5 elapsed=50.6s
[sweep] n=54600000 live=5 elapsed=50.7s
[sweep] n=54800000 live=5 elapsed=50.7s
[sweep] n=55000000 live=5 elapsed=50.8s
[sweep] n=55200000 live=5 elapsed=50.9s
[sweep] n=55400000 live=5 elapsed=50.9s
[sweep] n=55600000 live=5 elapsed=51.0s
[sweep] n=55800000 live=5 elapsed=51.0s
[sweep] n=56000000 live=5 elapsed=51.1s
[sweep] n=56200000 live=5 elapsed=51.1s
[sweep] n=56400000 live=5 elapsed=51.2s
[sweep] n=56600000 live=5 elapsed=51.3s
[sweep] n=56800000 live=5 elapsed=51.3s
[sweep] n=57000000 live=5 elapsed=51.4s
[sweep] n=57200000 live=5 elapsed=51.4s
[sweep] n=57400000 live=5 elapsed=51.5s
[sweep] n=57600000 live=5 elapsed=51.5s
[sweep] n=57800000 live=5 elapsed=51.6s
[sweep] n=58000000 live=5 elapsed=51.7s
[sweep] n=58200000 live=5 elapsed=51.7s
[sweep] n=58400000 live=5 elapsed=51.8s
[sweep] n=58600000 live=5 elapsed=51.8s
[sweep] n=58800000 live=5 elapsed=51.9s
[sweep] n=59000000 live=5 elapsed=51.9s
[sweep] n=59200000 live=5 elapsed=52.0s
[sweep] n=59400000 live=5 elapsed=52.1s
[sweep] n=59600000 live=5 elapsed=52.1s
[sweep] n=59800000 live=5 elapsed=52.2s
[sweep] n=60000000 live=5 elapsed=52.2s
[sweep] n=60200000 live=5 elapsed=52.3s
[sweep] n=60400000 live=5 elapsed=52.3s
[sweep] n=60600000 live=5 elapsed=52.4s
[sweep] n=60800000 live=5 elapsed=52.4s
[sweep] n=61000000 live=5 elapsed=52.5s
[sweep] n=61200000 live=5 elapsed=52.6s
[sweep] n=61400000 live=5 elapsed=52.6s
[sweep] n=61600000 live=5 elapsed=52.7s
[sweep] n=61800000 live=5 elapsed=52.7s
[sweep] n=62000000 live=5 elapsed=52.8s
[sweep] n=62200000 live=5 elapsed=52.8s
[sweep] n=62400000 live=5 elapsed=52.9s
[sweep] n=62600000 live=5 elapsed=53.0s
[sweep] n=62800000 live=5 elapsed=53.0s
[sweep] n=63000000 live=5 elapsed=53.1s
[sweep] n=63200000 live=5 elapsed=53.1s
[sweep] n=63400000 live=5 elapsed=53.2s
[sweep] n=63600000 live=5 elapsed=53.2s
[sweep] n=63800000 live=5 elapsed=53.3s
[sweep] n=64000000 live=5 elapsed=53.4s
[sweep] n=64200000 live=5 elapsed=53.4s
[sweep] n=64400000 live=5 elapsed=53.5s
[sweep] n=64600000 live=5 elapsed=53.5s
[sweep] n=64800000 live=5 elapsed=53.6s
[sweep] n=65000000 live=5 elapsed=53.6s
[sweep] n=65200000 live=5 elapsed=53.7s
[sweep] n=65400000 live=5 elapsed=53.7s
[sweep] n=65600000 live=5 elapsed=53.8s
[sweep] n=65800000 live=5 elapsed=53.9s
[sweep] n=66000000 live=5 elapsed=53.9s
[sweep] n=66200000 live=5 elapsed=54.0s
[sweep] n=66400000 live=5 elapsed=54.0s
[sweep] n=66600000 live=5 elapsed=54.1s
[sweep] n=66800000 live=5 elapsed=54.1s
[sweep] n=67000000 live=5 elapsed=54.2s
[sweep] n=67200000 live=5 elapsed=54.3s
[sweep] n=67400000 live=5 elapsed=54.3s
[sweep] n=67600000 live=5 elapsed=54.4s
[sweep] n=67800000 live=5 elapsed=54.4s
[sweep] n=68000000 live=5 elapsed=54.5s
[sweep] n=68200000 live=5 elapsed=54.5s
[sweep] n=68400000 live=5 elapsed=54.6s
[sweep] n=68600000 live=5 elapsed=54.7s
[sweep] n=68800000 live=5 elapsed=54.7s
[sweep] n=69000000 live=5 elapsed=54.8s
[sweep] n=69200000 live=5 elapsed=54.8s
[sweep] n=69400000 live=5 elapsed=54.9s
[sweep] n=69600000 live=5 elapsed=54.9s
[sweep] n=69800000 live=5 elapsed=55.0s
[sweep] n=70000000 live=5 elapsed=55.0s
[sweep] n=70200000 live=5 elapsed=55.1s
[sweep] n=70400000 live=5 elapsed=55.2s
[sweep] n=70600000 live=5 elapsed=55.2s
[sweep] n=70800000 live=5 elapsed=55.3s
[sweep] n=71000000 live=5 elapsed=55.3s
[sweep] n=71200000 live=5 elapsed=55.4s
[sweep] n=71400000 live=5 elapsed=55.4s
[sweep] n=71600000 live=5 elapsed=55.5s
[sweep] n=71800000 live=5 elapsed=55.5s
[sweep] n=72000000 live=5 elapsed=55.6s
[sweep] n=72200000 live=5 elapsed=55.7s
[sweep] n=72400000 live=5 elapsed=55.7s
[sweep] n=72600000 live=5 elapsed=55.8s
[sweep] n=72800000 live=5 elapsed=55.8s
[sweep] n=73000000 live=5 elapsed=55.9s
[sweep] n=73200000 live=5 elapsed=55.9s
[sweep] n=73400000 live=5 elapsed=56.0s
[sweep] n=73600000 live=5 elapsed=56.1s
[sweep] n=73800000 live=5 elapsed=56.1s
[sweep] n=74000000 live=5 elapsed=56.2s
[sweep] n=74200000 live=5 elapsed=56.3s
[sweep] n=74400000 live=5 elapsed=56.3s
[sweep] n=74600000 live=5 elapsed=56.4s
[sweep] n=74800000 live=5 elapsed=56.4s
[sweep] n=75000000 live=5 elapsed=56.5s
[sweep] n=75200000 live=5 elapsed=56.6s
[sweep] n=75400000 live=5 elapsed=56.6s
[sweep] n=75600000 live=5 elapsed=56.7s
[sweep] n=75800000 live=5 elapsed=56.7s
[sweep] n=76000000 live=5 elapsed=56.8s
[sweep] n=76200000 live=5 elapsed=56.9s
[sweep] n=76400000 live=5 elapsed=56.9s
[sweep] n=76600000 live=5 elapsed=57.0s
[sweep] n=76800000 live=5 elapsed=57.0s
[sweep] n=77000000 live=5 elapsed=57.1s
[sweep] n=77200000 live=5 elapsed=57.1s
[sweep] n=77400000 live=5 elapsed=57.2s
[sweep] n=77600000 live=5 elapsed=57.3s
[sweep] n=77800000 live=5 elapsed=57.3s
[sweep] n=78000000 live=5 elapsed=57.4s
[sweep] n=78200000 live=5 elapsed=57.4s
[sweep] n=78400000 live=5 elapsed=57.5s
[sweep] n=78600000 live=5 elapsed=57.5s
[sweep] n=78800000 live=5 elapsed=57.6s
[sweep] n=79000000 live=5 elapsed=57.7s
[sweep] n=79200000 live=5 elapsed=57.7s
[sweep] n=79400000 live=5 elapsed=57.8s
[sweep] n=79600000 live=5 elapsed=57.8s
[sweep] n=79800000 live=5 elapsed=57.9s
[sweep] n=80000000 live=5 elapsed=57.9s
[sweep] n=80200000 live=5 elapsed=58.0s
[sweep] n=80400000 live=5 elapsed=58.1s
[sweep] n=80600000 live=5 elapsed=58.1s
[sweep] n=80800000 live=5 elapsed=58.2s
[sweep] n=81000000 live=5 elapsed=58.2s
[sweep] n=81200000 live=5 elapsed=58.3s
[sweep] n=81400000 live=5 elapsed=58.3s
[sweep] n=81600000 live=5 elapsed=58.4s
[sweep] n=81800000 live=5 elapsed=58.4s
[sweep] n=82000000 live=5 elapsed=58.5s
[sweep] n=82200000 live=5 elapsed=58.6s
[sweep] n=82400000 live=5 elapsed=58.6s
[sweep] n=82600000 live=5 elapsed=58.7s
[sweep] n=82800000 live=5 elapsed=58.7s
[sweep] n=83000000 live=5 elapsed=58.8s
[sweep] n=83200000 live=5 elapsed=58.8s
[sweep] n=83400000 live=5 elapsed=58.9s
[sweep] n=83600000 live=5 elapsed=59.0s
[sweep] n=83800000 live=5 elapsed=59.0s
[sweep] n=84000000 live=5 elapsed=59.1s
[sweep] n=84200000 live=5 elapsed=59.1s
[sweep] n=84400000 live=5 elapsed=59.2s
[sweep] n=84600000 live=5 elapsed=59.2s
[sweep] n=84800000 live=5 elapsed=59.3s
[sweep] n=85000000 live=5 elapsed=59.3s
[sweep] n=85200000 live=5 elapsed=59.4s
[sweep] n=85400000 live=5 elapsed=59.5s
[sweep] n=85600000 live=5 elapsed=59.5s
[sweep] n=85800000 live=5 elapsed=59.6s
[sweep] n=86000000 live=5 elapsed=59.6s
[sweep] n=86200000 live=5 elapsed=59.7s
[sweep] n=86400000 live=5 elapsed=59.7s
[sweep] n=86600000 live=5 elapsed=59.8s
[sweep] n=86800000 live=5 elapsed=59.9s
[sweep] n=87000000 live=5 elapsed=59.9s
[sweep] n=87200000 live=5 elapsed=60.0s
[sweep] n=87400000 live=5 elapsed=60.0s
[sweep] n=87600000 live=5 elapsed=60.1s
[sweep] n=87800000 live=5 elapsed=60.1s
[sweep] n=88000000 live=5 elapsed=60.2s
[sweep] n=88200000 live=5 elapsed=60.3s
[sweep] n=88400000 live=5 elapsed=60.3s
[sweep] n=88600000 live=5 elapsed=60.4s
[sweep] n=88800000 live=5 elapsed=60.4s
[sweep] n=89000000 live=5 elapsed=60.5s
[sweep] n=89200000 live=5 elapsed=60.5s
[sweep] n=89400000 live=5 elapsed=60.6s
[sweep] n=89600000 live=5 elapsed=60.7s
[sweep] n=89800000 live=5 elapsed=60.7s
[sweep] n=90000000 live=4 elapsed=60.8s
[sweep] n=90200000 live=4 elapsed=60.8s
[sweep] n=90400000 live=4 elapsed=60.9s
[sweep] n=90600000 live=3 elapsed=60.9s
[sweep] n=90800000 live=3 elapsed=61.0s
[sweep] n=91000000 live=3 elapsed=61.0s
[sweep] n=91200000 live=3 elapsed=61.0s
[sweep] n=91400000 live=3 elapsed=61.1s
[sweep] n=91600000 live=3 elapsed=61.1s
[sweep] n=91800000 live=3 elapsed=61.2s
[sweep] n=92000000 live=3 elapsed=61.2s
[sweep] n=92200000 live=3 elapsed=61.2s
[sweep] n=92400000 live=3 elapsed=61.3s
[sweep] n=92600000 live=3 elapsed=61.3s
[sweep] n=92800000 live=3 elapsed=61.3s
[sweep] n=93000000 live=3 elapsed=61.4s
[sweep] n=93200000 live=3 elapsed=61.4s
[sweep] n=93400000 live=3 elapsed=61.4s
[sweep] n=93600000 live=3 elapsed=61.5s
[sweep] n=93800000 live=3 elapsed=61.5s
[sweep] n=94000000 live=3 elapsed=61.5s
[sweep] n=94200000 live=3 elapsed=61.6s
[sweep] n=94400000 live=3 elapsed=61.6s
[sweep] n=94600000 live=3 elapsed=61.7s
[sweep] n=94800000 live=3 elapsed=61.7s
[sweep] n=95000000 live=3 elapsed=61.7s
[sweep] n=95200000 live=3 elapsed=61.8s
[sweep] n=95400000 live=3 elapsed=61.8s
[sweep] n=95600000 live=3 elapsed=61.8s
[sweep] n=95800000 live=3 elapsed=61.9s
[sweep] n=96000000 live=3 elapsed=61.9s
[sweep] n=96200000 live=3 elapsed=61.9s
[sweep] n=96400000 live=3 elapsed=62.0s
[sweep] n=96600000 live=3 elapsed=62.0s
[sweep] n=96800000 live=3 elapsed=62.0s
[sweep] n=97000000 live=3 elapsed=62.1s
[sweep] n=97200000 live=3 elapsed=62.1s
[sweep] n=97400000 live=3 elapsed=62.1s
[sweep] n=97600000 live=3 elapsed=62.2s
[sweep] n=97800000 live=3 elapsed=62.2s
[sweep] n=98000000 live=3 elapsed=62.2s
[sweep] n=98200000 live=3 elapsed=62.3s
[sweep] n=98400000 live=3 elapsed=62.3s
[sweep] n=98600000 live=3 elapsed=62.3s
[sweep] n=98800000 live=3 elapsed=62.4s
[sweep] n=99000000 live=3 elapsed=62.4s
[sweep] n=99200000 live=3 elapsed=62.4s
[sweep] n=99400000 live=3 elapsed=62.5s
[sweep] n=99600000 live=3 elapsed=62.5s
[sweep] n=99800000 live=3 elapsed=62.5s
[sweep] n=100000000 live=3 elapsed=62.6s
[sweep] n=100200000 live=3 elapsed=62.6s
[sweep] n=100400000 live=3 elapsed=62.7s
[sweep] n=100600000 live=3 elapsed=62.7s
[sweep] n=100800000 live=3 elapsed=62.7s
[sweep] n=101000000 live=3 elapsed=62.8s
[sweep] n=101200000 live=3 elapsed=62.8s
[sweep] n=101400000 live=3 elapsed=62.8s
[sweep] n=101600000 live=3 elapsed=62.9s
[sweep] n=101800000 live=3 elapsed=62.9s
[sweep] n=102000000 live=3 elapsed=62.9s
[sweep] n=102200000 live=3 elapsed=63.0s
[sweep] n=102400000 live=3 elapsed=63.0s
[sweep] n=102600000 live=3 elapsed=63.0s
[sweep] n=102800000 live=3 elapsed=63.1s
[sweep] n=103000000 live=3 elapsed=63.1s
[sweep] n=103200000 live=3 elapsed=63.1s
[sweep] n=103400000 live=3 elapsed=63.2s
[sweep] n=103600000 live=3 elapsed=63.2s
[sweep] n=103800000 live=3 elapsed=63.2s
[sweep] n=104000000 live=3 elapsed=63.3s
[sweep] n=104200000 live=3 elapsed=63.3s
[sweep] n=104400000 live=3 elapsed=63.3s
[sweep] n=104600000 live=3 elapsed=63.4s
[sweep] n=104800000 live=3 elapsed=63.4s
[sweep] n=105000000 live=3 elapsed=63.4s
[sweep] n=105200000 live=3 elapsed=63.5s
[sweep] n=105400000 live=3 elapsed=63.5s
[sweep] n=105600000 live=3 elapsed=63.5s
[sweep] n=105800000 live=3 elapsed=63.6s
[sweep] n=106000000 live=3 elapsed=63.6s
[sweep] n=106200000 live=3 elapsed=63.6s
[sweep] n=106400000 live=3 elapsed=63.7s
[sweep] n=106600000 live=3 elapsed=63.7s
[sweep] n=106800000 live=3 elapsed=63.7s
[sweep] n=107000000 live=3 elapsed=63.8s
[sweep] n=107200000 live=3 elapsed=63.8s
[sweep] n=107400000 live=3 elapsed=63.8s
[sweep] n=107600000 live=3 elapsed=63.9s
[sweep] n=107800000 live=3 elapsed=63.9s
[sweep] n=108000000 live=3 elapsed=63.9s
[sweep] n=108200000 live=3 elapsed=64.0s
[sweep] n=108400000 live=3 elapsed=64.0s
[sweep] n=108600000 live=3 elapsed=64.1s
[sweep] n=108800000 live=3 elapsed=64.1s
[sweep] n=109000000 live=3 elapsed=64.1s
[sweep] n=109200000 live=3 elapsed=64.2s
[sweep] n=109400000 live=3 elapsed=64.2s
[sweep] n=109600000 live=3 elapsed=64.2s
[sweep] n=109800000 live=3 elapsed=64.3s
[sweep] n=110000000 live=3 elapsed=64.3s
[sweep] n=110200000 live=3 elapsed=64.3s
[sweep] n=110400000 live=3 elapsed=64.4s
[sweep] n=110600000 live=3 elapsed=64.4s
[sweep] n=110800000 live=3 elapsed=64.4s
[sweep] n=111000000 live=3 elapsed=64.5s
[sweep] n=111200000 live=3 elapsed=64.5s
[sweep] n=111400000 live=3 elapsed=64.5s
[sweep] n=111600000 live=3 elapsed=64.6s
[sweep] n=111800000 live=3 elapsed=64.6s
[sweep] n=112000000 live=3 elapsed=64.6s
[sweep] n=112200000 live=3 elapsed=64.7s
[sweep] n=112400000 live=3 elapsed=64.7s
[sweep] n=112600000 live=3 elapsed=64.7s
[sweep] n=112800000 live=3 elapsed=64.8s
[sweep] n=113000000 live=3 elapsed=64.8s
[sweep] n=113200000 live=3 elapsed=64.8s
[sweep] n=113400000 live=3 elapsed=64.9s
[sweep] n=113600000 live=3 elapsed=64.9s
[sweep] n=113800000 live=3 elapsed=64.9s
[sweep] n=114000000 live=3 elapsed=65.0s
[sweep] n=114200000 live=3 elapsed=65.0s
[sweep] n=114400000 live=3 elapsed=65.0s
[sweep] n=114600000 live=3 elapsed=65.1s
[sweep] n=114800000 live=3 elapsed=65.1s
[sweep] n=115000000 live=3 elapsed=65.1s
[sweep] n=115200000 live=3 elapsed=65.2s
[sweep] n=115400000 live=3 elapsed=65.2s
[sweep] n=115600000 live=3 elapsed=65.2s
[sweep] n=115800000 live=3 elapsed=65.3s
[sweep] n=116000000 live=3 elapsed=65.3s
[sweep] n=116200000 live=3 elapsed=65.3s
[sweep] n=116400000 live=3 elapsed=65.4s
[sweep] n=116600000 live=3 elapsed=65.4s
[sweep] n=116800000 live=3 elapsed=65.4s
[sweep] n=117000000 live=3 elapsed=65.5s
[sweep] n=117200000 live=3 elapsed=65.5s
[sweep] n=117400000 live=3 elapsed=65.5s
[sweep] n=117600000 live=3 elapsed=65.6s
[sweep] n=117800000 live=3 elapsed=65.6s
[sweep] n=118000000 live=3 elapsed=65.6s
[sweep] n=118200000 live=3 elapsed=65.7s
[sweep] n=118400000 live=3 elapsed=65.7s
[sweep] n=118600000 live=3 elapsed=65.8s
[sweep] n=118800000 live=3 elapsed=65.8s
[sweep] n=119000000 live=3 elapsed=65.8s
[sweep] n=119200000 live=3 elapsed=65.9s
[sweep] n=119400000 live=3 elapsed=65.9s
[sweep] n=119600000 live=3 elapsed=65.9s
[sweep] n=119800000 live=3 elapsed=66.0s
[sweep] n=120000000 live=3 elapsed=66.0s
[sweep] n=120200000 live=3 elapsed=66.0s
[sweep] n=120400000 live=3 elapsed=66.1s
[sweep] n=120600000 live=3 elapsed=66.1s
[sweep] n=120800000 live=3 elapsed=66.1s
[sweep] n=121000000 live=3 elapsed=66.2s
[sweep] n=121200000 live=3 elapsed=66.2s
[sweep] n=121400000 live=3 elapsed=66.2s
[sweep] n=121600000 live=3 elapsed=66.3s
[sweep] n=121800000 live=3 elapsed=66.3s
[sweep] n=122000000 live=3 elapsed=66.3s
[sweep] n=122200000 live=3 elapsed=66.4s
[sweep] n=122400000 live=3 elapsed=66.4s
[sweep] n=122600000 live=3 elapsed=66.4s
[sweep] n=122800000 live=3 elapsed=66.5s
[sweep] n=123000000 live=3 elapsed=66.5s
[sweep] n=123200000 live=3 elapsed=66.5s
[sweep] n=123400000 live=3 elapsed=66.6s
[sweep] n=123600000 live=3 elapsed=66.6s
[sweep] n=123800000 live=3 elapsed=66.6s
[sweep] n=124000000 live=3 elapsed=66.7s
[sweep] n=124200000 live=3 elapsed=66.7s
[sweep] n=124400000 live=3 elapsed=66.7s
[sweep] n=124600000 live=3 elapsed=66.8s
[sweep] n=124800000 live=3 elapsed=66.8s
[sweep] n=125000000 live=3 elapsed=66.8s
[sweep] n=125200000 live=3 elapsed=66.9s
[sweep] n=125400000 live=3 elapsed=66.9s
[sweep] n=125600000 live=3 elapsed=66.9s
[sweep] n=125800000 live=3 elapsed=67.0s
[sweep] n=126000000 live=3 elapsed=67.0s
[sweep] n=126200000 live=3 elapsed=67.0s
[sweep] n=126400000 live=3 elapsed=67.1s
[sweep] n=126600000 live=3 elapsed=67.1s
[sweep] n=126800000 live=3 elapsed=67.1s
[sweep] n=127000000 live=3 elapsed=67.2s
[sweep] n=127200000 live=3 elapsed=67.2s
[sweep] n=127400000 live=3 elapsed=67.2s
[sweep] n=127600000 live=3 elapsed=67.3s
[sweep] n=127800000 live=3 elapsed=67.3s
[sweep] n=128000000 live=3 elapsed=67.3s
[sweep] n=128200000 live=3 elapsed=67.4s
[sweep] n=128400000 live=3 elapsed=67.4s
[sweep] n=128600000 live=3 elapsed=67.4s
[sweep] n=128800000 live=3 elapsed=67.5s
[sweep] n=129000000 live=3 elapsed=67.5s
[sweep] n=129200000 live=3 elapsed=67.6s
[sweep] n=129400000 live=3 elapsed=67.6s
[sweep] n=129600000 live=3 elapsed=67.6s
[sweep] n=129800000 live=3 elapsed=67.7s
[sweep] n=130000000 live=3 elapsed=67.7s
[sweep] n=130200000 live=3 elapsed=67.7s
[sweep] n=130400000 live=3 elapsed=67.8s
[sweep] n=130600000 live=3 elapsed=67.8s
[sweep] n=130800000 live=3 elapsed=67.8s
[sweep] n=131000000 live=3 elapsed=67.9s
[sweep] n=131200000 live=3 elapsed=67.9s
[sweep] n=131400000 live=3 elapsed=67.9s
[sweep] n=131600000 live=3 elapsed=68.0s
[sweep] n=131800000 live=3 elapsed=68.0s
[sweep] n=132000000 live=3 elapsed=68.0s
[sweep] n=132200000 live=3 elapsed=68.1s
[sweep] n=132400000 live=3 elapsed=68.1s
[sweep] n=132600000 live=3 elapsed=68.1s
[sweep] n=132800000 live=3 elapsed=68.2s
[sweep] n=133000000 live=3 elapsed=68.2s
[sweep] n=133200000 live=3 elapsed=68.2s
[sweep] n=133400000 live=2 elapsed=68.3s
[sweep] n=133600000 live=2 elapsed=68.3s
[sweep] n=133800000 live=2 elapsed=68.3s
[sweep] n=134000000 live=2 elapsed=68.3s
[sweep] n=134200000 live=2 elapsed=68.3s
[sweep] n=134400000 live=2 elapsed=68.4s
[sweep] n=134600000 live=2 elapsed=68.4s
[sweep] n=134800000 live=2 elapsed=68.4s
[sweep] n=135000000 live=2 elapsed=68.4s
[sweep] n=135200000 live=2 elapsed=68.5s
[sweep] n=135400000 live=2 elapsed=68.5s
[sweep] n=135600000 live=2 elapsed=68.5s
[sweep] n=135800000 live=2 elapsed=68.5s
[sweep] n=136000000 live=2 elapsed=68.6s
[sweep] n=136200000 live=2 elapsed=68.6s
[sweep] n=136400000 live=2 elapsed=68.6s
[sweep] n=136600000 live=2 elapsed=68.6s
[sweep] n=136800000 live=2 elapsed=68.6s
[sweep] n=137000000 live=2 elapsed=68.7s
[sweep] n=137200000 live=2 elapsed=68.7s
[sweep] n=137400000 live=2 elapsed=68.7s
[sweep] n=137600000 live=2 elapsed=68.7s
[sweep] n=137800000 live=2 elapsed=68.8s
[sweep] n=138000000 live=2 elapsed=68.8s
[sweep] n=138200000 live=2 elapsed=68.8s
[sweep] n=138400000 live=2 elapsed=68.8s
[sweep] n=138600000 live=2 elapsed=68.9s
[sweep] n=138800000 live=2 elapsed=68.9s
[sweep] n=139000000 live=2 elapsed=68.9s
[sweep] n=139200000 live=2 elapsed=68.9s
[sweep] n=139400000 live=2 elapsed=68.9s
[sweep] n=139600000 live=2 elapsed=69.0s
[sweep] n=139800000 live=2 elapsed=69.0s
[sweep] n=140000000 live=2 elapsed=69.0s
[sweep] n=140200000 live=2 elapsed=69.0s
[sweep] n=140400000 live=2 elapsed=69.1s
[sweep] n=140600000 live=2 elapsed=69.1s
[sweep] n=140800000 live=2 elapsed=69.1s
[sweep] n=141000000 live=2 elapsed=69.1s
[sweep] n=141200000 live=2 elapsed=69.1s
[sweep] n=141400000 live=2 elapsed=69.2s
[sweep] n=141600000 live=2 elapsed=69.2s
[sweep] n=141800000 live=2 elapsed=69.2s
[sweep] n=142000000 live=2 elapsed=69.2s
[sweep] n=142200000 live=2 elapsed=69.3s
[sweep] n=142400000 live=2 elapsed=69.3s
[sweep] n=142600000 live=2 elapsed=69.3s
[sweep] n=142800000 live=2 elapsed=69.3s
[sweep] n=143000000 live=2 elapsed=69.4s
[sweep] n=143200000 live=2 elapsed=69.4s
[sweep] n=143400000 live=2 elapsed=69.4s
[sweep] n=143600000 live=2 elapsed=69.4s
[sweep] n=143800000 live=2 elapsed=69.5s
[sweep] n=144000000 live=2 elapsed=69.5s
[sweep] n=144200000 live=2 elapsed=69.5s
[sweep] n=144400000 live=2 elapsed=69.5s
[sweep] n=144600000 live=2 elapsed=69.5s
[sweep] n=144800000 live=2 elapsed=69.6s
[sweep] n=145000000 live=2 elapsed=69.6s
[sweep] n=145200000 live=2 elapsed=69.6s
[sweep] n=145400000 live=2 elapsed=69.6s
[sweep] n=145600000 live=2 elapsed=69.7s
[sweep] n=145800000 live=2 elapsed=69.7s
[sweep] n=146000000 live=2 elapsed=69.7s
[sweep] n=146200000 live=2 elapsed=69.7s
[sweep] n=146400000 live=2 elapsed=69.7s
[sweep] n=146600000 live=2 elapsed=69.8s
[sweep] n=146800000 live=2 elapsed=69.8s
[sweep] n=147000000 live=2 elapsed=69.8s
[sweep] n=147200000 live=2 elapsed=69.8s
[sweep] n=147400000 live=2 elapsed=69.9s
[sweep] n=147600000 live=2 elapsed=69.9s
[sweep] n=147800000 live=2 elapsed=69.9s
[sweep] n=148000000 live=2 elapsed=69.9s
[sweep] n=148200000 live=2 elapsed=70.0s
[sweep] n=148400000 live=2 elapsed=70.0s
[sweep] n=148600000 live=2 elapsed=70.0s
[sweep] n=148800000 live=2 elapsed=70.0s
[sweep] n=149000000 live=2 elapsed=70.0s
[sweep] n=149200000 live=2 elapsed=70.1s
[sweep] n=149400000 live=2 elapsed=70.1s
[sweep] n=149600000 live=2 elapsed=70.1s
[sweep] n=149800000 live=2 elapsed=70.1s
[sweep] n=150000000 live=2 elapsed=70.2s
[sweep] n=150200000 live=2 elapsed=70.2s
[sweep] n=150400000 live=2 elapsed=70.2s
[sweep] n=150600000 live=2 elapsed=70.2s
[sweep] n=150800000 live=2 elapsed=70.3s
[sweep] n=151000000 live=2 elapsed=70.3s
[sweep] n=151200000 live=2 elapsed=70.3s
[sweep] n=151400000 live=2 elapsed=70.3s
[sweep] n=151600000 live=2 elapsed=70.3s
[sweep] n=151800000 live=2 elapsed=70.4s
[sweep] n=152000000 live=2 elapsed=70.4s
[sweep] n=152200000 live=2 elapsed=70.4s
[sweep] n=152400000 live=2 elapsed=70.4s
[sweep] n=152600000 live=2 elapsed=70.5s
[sweep] n=152800000 live=2 elapsed=70.5s
[sweep] n=153000000 live=2 elapsed=70.5s
[sweep] n=153200000 live=2 elapsed=70.5s
[sweep] n=153400000 live=2 elapsed=70.5s
[sweep] n=153600000 live=2 elapsed=70.6s
[sweep] n=153800000 live=2 elapsed=70.6s
[sweep] n=154000000 live=2 elapsed=70.6s
[sweep] n=154200000 live=2 elapsed=70.6s
[sweep] n=154400000 live=2 elapsed=70.7s
[sweep] n=154600000 live=2 elapsed=70.7s
[sweep] n=154800000 live=2 elapsed=70.7s
[sweep] n=155000000 live=2 elapsed=70.7s
[sweep] n=155200000 live=2 elapsed=70.8s
[sweep] n=155400000 live=2 elapsed=70.8s
[sweep] n=155600000 live=2 elapsed=70.8s
[sweep] n=155800000 live=2 elapsed=70.8s
[sweep] n=156000000 live=2 elapsed=70.8s
[sweep] n=156200000 live=2 elapsed=70.9s
[sweep] n=156400000 live=2 elapsed=70.9s
[sweep] n=156600000 live=2 elapsed=70.9s
[sweep] n=156800000 live=2 elapsed=70.9s
[sweep] n=157000000 live=2 elapsed=71.0s
[sweep] n=157200000 live=2 elapsed=71.0s
[sweep] n=157400000 live=2 elapsed=71.0s
[sweep] n=157600000 live=2 elapsed=71.0s
[sweep] n=157800000 live=2 elapsed=71.1s
[sweep] n=158000000 live=2 elapsed=71.1s
[sweep] n=158200000 live=2 elapsed=71.1s
[sweep] n=158400000 live=2 elapsed=71.1s
[sweep] n=158600000 live=2 elapsed=71.1s
[sweep] n=158800000 live=2 elapsed=71.2s
[sweep] n=159000000 live=2 elapsed=71.2s
[sweep] n=159200000 live=2 elapsed=71.2s
[sweep] n=159400000 live=2 elapsed=71.2s
[sweep] n=159600000 live=2 elapsed=71.3s
[sweep] n=159800000 live=2 elapsed=71.3s
[sweep] n=160000000 live=2 elapsed=71.3s
[sweep] n=160200000 live=2 elapsed=71.3s
[sweep] n=160400000 live=2 elapsed=71.4s
[sweep] n=160600000 live=2 elapsed=71.4s
[sweep] n=160800000 live=2 elapsed=71.4s
[sweep] n=161000000 live=2 elapsed=71.4s
[sweep] n=161200000 live=2 elapsed=71.4s
[sweep] n=161400000 live=2 elapsed=71.5s
[sweep] n=161600000 live=2 elapsed=71.5s
[sweep] n=161800000 live=2 elapsed=71.5s
[sweep] n=162000000 live=2 elapsed=71.5s
[sweep] n=162200000 live=2 elapsed=71.6s
[sweep] n=162400000 live=2 elapsed=71.6s
[sweep] n=162600000 live=2 elapsed=71.6s
[sweep] n=162800000 live=2 elapsed=71.6s
[sweep] n=163000000 live=2 elapsed=71.6s
[sweep] n=163200000 live=2 elapsed=71.7s
[sweep] n=163400000 live=2 elapsed=71.7s
[sweep] n=163600000 live=2 elapsed=71.7s
[sweep] n=163800000 live=2 elapsed=71.7s
[sweep] n=164000000 live=2 elapsed=71.8s
[sweep] n=164200000 live=2 elapsed=71.8s
[sweep] n=164400000 live=2 elapsed=71.8s
[sweep] n=164600000 live=2 elapsed=71.8s
[sweep] n=164800000 live=2 elapsed=71.9s
[sweep] n=165000000 live=2 elapsed=71.9s
[sweep] n=165200000 live=2 elapsed=71.9s
[sweep] n=165400000 live=2 elapsed=71.9s
[sweep] n=165600000 live=2 elapsed=71.9s
[sweep] n=165800000 live=2 elapsed=72.0s
[sweep] n=166000000 live=2 elapsed=72.0s
[sweep] n=166200000 live=2 elapsed=72.0s
[sweep] n=166400000 live=2 elapsed=72.0s
[sweep] n=166600000 live=2 elapsed=72.1s
[sweep] n=166800000 live=2 elapsed=72.1s
[sweep] n=167000000 live=2 elapsed=72.1s
[sweep] n=167200000 live=2 elapsed=72.1s
[sweep] n=167400000 live=2 elapsed=72.2s
[sweep] n=167600000 live=2 elapsed=72.2s
[sweep] n=167800000 live=2 elapsed=72.2s
[sweep] n=168000000 live=2 elapsed=72.2s
[sweep] n=168200000 live=2 elapsed=72.2s
[sweep] n=168400000 live=2 elapsed=72.3s
[sweep] n=168600000 live=2 elapsed=72.3s
[sweep] n=168800000 live=2 elapsed=72.3s
[sweep] n=169000000 live=2 elapsed=72.3s
[sweep] n=169200000 live=2 elapsed=72.4s
[sweep] n=169400000 live=2 elapsed=72.4s
[sweep] n=169600000 live=2 elapsed=72.4s
[sweep] n=169800000 live=2 elapsed=72.4s
[sweep] n=170000000 live=2 elapsed=72.4s
[sweep] n=170200000 live=2 elapsed=72.5s
[sweep] n=170400000 live=2 elapsed=72.5s
[sweep] n=170600000 live=2 elapsed=72.5s
[sweep] n=170800000 live=2 elapsed=72.5s
[sweep] n=171000000 live=2 elapsed=72.6s
[sweep] n=171200000 live=2 elapsed=72.6s
[sweep] n=171400000 live=2 elapsed=72.6s
[sweep] n=171600000 live=2 elapsed=72.6s
[sweep] n=171800000 live=2 elapsed=72.7s
[sweep] n=172000000 live=2 elapsed=72.7s
[sweep] n=172200000 live=2 elapsed=72.7s
[sweep] n=172400000 live=2 elapsed=72.7s
[sweep] n=172600000 live=2 elapsed=72.7s
[sweep] n=172800000 live=2 elapsed=72.8s
[sweep] n=173000000 live=2 elapsed=72.8s
[sweep] n=173200000 live=2 elapsed=72.8s
[sweep] n=173400000 live=2 elapsed=72.8s
[sweep] n=173600000 live=2 elapsed=72.9s
[sweep] n=173800000 live=2 elapsed=72.9s
[sweep] n=174000000 live=2 elapsed=72.9s
[sweep] n=174200000 live=2 elapsed=72.9s
[sweep] n=174400000 live=2 elapsed=73.0s
[sweep] n=174600000 live=2 elapsed=73.0s
[sweep] n=174800000 live=2 elapsed=73.0s
[sweep] n=175000000 live=2 elapsed=73.0s
[sweep] n=175200000 live=2 elapsed=73.0s
[sweep] n=175400000 live=2 elapsed=73.1s
[sweep] n=175600000 live=2 elapsed=73.1s
[sweep] n=175800000 live=2 elapsed=73.1s
[sweep] n=176000000 live=2 elapsed=73.1s
[sweep] n=176200000 live=2 elapsed=73.2s
[sweep] n=176400000 live=2 elapsed=73.2s
[sweep] n=176600000 live=2 elapsed=73.2s
[sweep] n=176800000 live=2 elapsed=73.2s
[sweep] n=177000000 live=2 elapsed=73.3s
[sweep] n=177200000 live=2 elapsed=73.3s
[sweep] n=177400000 live=2 elapsed=73.3s
[sweep] n=177600000 live=2 elapsed=73.3s
[sweep] n=177800000 live=2 elapsed=73.3s
[sweep] n=178000000 live=2 elapsed=73.4s
[sweep] n=178200000 live=2 elapsed=73.4s
[sweep] n=178400000 live=2 elapsed=73.4s
[sweep] n=178600000 live=2 elapsed=73.4s
[sweep] n=178800000 live=2 elapsed=73.5s
[sweep] n=179000000 live=2 elapsed=73.5s
[sweep] n=179200000 live=2 elapsed=73.5s
[sweep] n=179400000 live=2 elapsed=73.5s
[sweep] n=179600000 live=2 elapsed=73.6s
[sweep] n=179800000 live=2 elapsed=73.6s
[sweep] n=180000000 live=2 elapsed=73.6s
[sweep] n=180200000 live=2 elapsed=73.6s
[sweep] n=180400000 live=2 elapsed=73.6s
[sweep] n=180600000 live=2 elapsed=73.7s
[sweep] n=180800000 live=2 elapsed=73.7s
[sweep] n=181000000 live=2 elapsed=73.7s
[sweep] n=181200000 live=2 elapsed=73.7s
[sweep] n=181400000 live=2 elapsed=73.8s
[sweep] n=181600000 live=2 elapsed=73.8s
[sweep] n=181800000 live=2 elapsed=73.8s
[sweep] n=182000000 live=2 elapsed=73.8s
[sweep] n=182200000 live=2 elapsed=73.9s
[sweep] n=182400000 live=2 elapsed=73.9s
[sweep] n=182600000 live=2 elapsed=73.9s
[sweep] n=182800000 live=2 elapsed=73.9s
[sweep] n=183000000 live=2 elapsed=73.9s
[sweep] n=183200000 live=2 elapsed=74.0s
[sweep] n=183400000 live=2 elapsed=74.0s
[sweep] n=183600000 live=2 elapsed=74.0s
[sweep] n=183800000 live=2 elapsed=74.0s
[sweep] n=184000000 live=2 elapsed=74.1s
[sweep] n=184200000 live=2 elapsed=74.1s
[sweep] n=184400000 live=2 elapsed=74.1s
[sweep] n=184600000 live=2 elapsed=74.1s
[sweep] n=184800000 live=2 elapsed=74.2s
[sweep] n=185000000 live=2 elapsed=74.2s
[sweep] n=185200000 live=2 elapsed=74.2s
[sweep] n=185400000 live=2 elapsed=74.2s
[sweep] n=185600000 live=2 elapsed=74.2s
[sweep] n=185800000 live=2 elapsed=74.3s
[sweep] n=186000000 live=2 elapsed=74.3s
[sweep] n=186200000 live=2 elapsed=74.3s
[sweep] n=186400000 live=2 elapsed=74.3s
[sweep] n=186600000 live=2 elapsed=74.4s
[sweep] n=186800000 live=2 elapsed=74.4s
[sweep] n=187000000 live=2 elapsed=74.4s
[sweep] n=187200000 live=2 elapsed=74.4s
[sweep] n=187400000 live=2 elapsed=74.5s
[sweep] n=187600000 live=2 elapsed=74.5s
[sweep] n=187800000 live=2 elapsed=74.5s
[sweep] n=188000000 live=2 elapsed=74.5s
[sweep] n=188200000 live=2 elapsed=74.5s
[sweep] n=188400000 live=2 elapsed=74.6s
[sweep] n=188600000 live=2 elapsed=74.6s
[sweep] n=188800000 live=2 elapsed=74.6s
[sweep] n=189000000 live=2 elapsed=74.6s
[sweep] n=189200000 live=2 elapsed=74.7s
[sweep] n=189400000 live=2 elapsed=74.7s
[sweep] n=189600000 live=2 elapsed=74.7s
[sweep] n=189800000 live=2 elapsed=74.7s
[sweep] n=190000000 live=2 elapsed=74.7s
[sweep] n=190200000 live=2 elapsed=74.8s
[sweep] n=190400000 live=2 elapsed=74.8s
[sweep] n=190600000 live=2 elapsed=74.8s
[sweep] n=190800000 live=2 elapsed=74.8s
[sweep] n=191000000 live=2 elapsed=74.9s
[sweep] n=191200000 live=2 elapsed=74.9s
[sweep] n=191400000 live=2 elapsed=74.9s
[sweep] n=191600000 live=2 elapsed=74.9s
[sweep] n=191800000 live=2 elapsed=75.0s
[sweep] n=192000000 live=2 elapsed=75.0s
[sweep] n=192200000 live=2 elapsed=75.0s
[sweep] n=192400000 live=2 elapsed=75.0s
[sweep] n=192600000 live=2 elapsed=75.0s
[sweep] n=192800000 live=2 elapsed=75.1s
[sweep] n=193000000 live=2 elapsed=75.1s
[sweep] n=193200000 live=2 elapsed=75.1s
[sweep] n=193400000 live=2 elapsed=75.1s
[sweep] n=193600000 live=2 elapsed=75.2s
[sweep] n=193800000 live=2 elapsed=75.2s
[sweep] n=194000000 live=2 elapsed=75.2s
[sweep] n=194200000 live=2 elapsed=75.2s
[sweep] n=194400000 live=2 elapsed=75.3s
[sweep] n=194600000 live=2 elapsed=75.3s
[sweep] n=194800000 live=2 elapsed=75.3s
[sweep] n=195000000 live=2 elapsed=75.3s
[sweep] n=195200000 live=2 elapsed=75.3s
[sweep] n=195400000 live=2 elapsed=75.4s
[sweep] n=195600000 live=2 elapsed=75.4s
[sweep] n=195800000 live=2 elapsed=75.4s
[sweep] n=196000000 live=2 elapsed=75.4s
[sweep] n=196200000 live=2 elapsed=75.5s
[sweep] n=196400000 live=2 elapsed=75.5s
[sweep] n=196600000 live=2 elapsed=75.5s
[sweep] n=196800000 live=2 elapsed=75.5s
[sweep] n=197000000 live=2 elapsed=75.5s
[sweep] n=197200000 live=2 elapsed=75.6s
[sweep] n=197400000 live=2 elapsed=75.6s
[sweep] n=197600000 live=2 elapsed=75.6s
[sweep] n=197800000 live=2 elapsed=75.6s
[sweep] n=198000000 live=2 elapsed=75.7s
[sweep] n=198200000 live=2 elapsed=75.7s
[sweep] n=198400000 live=2 elapsed=75.7s
[sweep] n=198600000 live=2 elapsed=75.7s
[sweep] n=198800000 live=2 elapsed=75.8s
[sweep] n=199000000 live=2 elapsed=75.8s
[sweep] n=199200000 live=2 elapsed=75.8s
[sweep] n=199400000 live=2 elapsed=75.8s
[sweep] n=199600000 live=2 elapsed=75.8s
[sweep] n=199800000 live=2 elapsed=75.9s
[sweep] n=200000000 live=2 elapsed=75.9s
[sweep] n=200200000 live=2 elapsed=75.9s
[sweep] n=200400000 live=2 elapsed=75.9s
[sweep] n=200600000 live=2 elapsed=76.0s
[sweep] n=200800000 live=2 elapsed=76.0s
[sweep] n=201000000 live=2 elapsed=76.0s
[sweep] n=201200000 live=2 elapsed=76.0s
[sweep] n=201400000 live=2 elapsed=76.1s
[sweep] n=201600000 live=2 elapsed=76.1s
[sweep] n=201800000 live=2 elapsed=76.1s
[sweep] n=202000000 live=2 elapsed=76.1s
[sweep] n=202200000 live=2 elapsed=76.1s
[sweep] n=202400000 live=2 elapsed=76.2s
[sweep] n=202600000 live=2 elapsed=76.2s
[sweep] n=202800000 live=2 elapsed=76.2s
[sweep] n=203000000 live=2 elapsed=76.2s
[sweep] n=203200000 live=2 elapsed=76.3s
[sweep] n=203400000 live=2 elapsed=76.3s
[sweep] n=203600000 live=2 elapsed=76.3s
[sweep] n=203800000 live=2 elapsed=76.3s
[sweep] n=204000000 live=2 elapsed=76.3s
[sweep] n=204200000 live=2 elapsed=76.4s
[sweep] n=204400000 live=2 elapsed=76.4s
[sweep] n=204600000 live=2 elapsed=76.4s
[sweep] n=204800000 live=2 elapsed=76.4s
[sweep] n=205000000 live=2 elapsed=76.5s
[sweep] n=205200000 live=2 elapsed=76.5s
[sweep] n=205400000 live=2 elapsed=76.5s
[sweep] n=205600000 live=2 elapsed=76.5s
[sweep] n=205800000 live=2 elapsed=76.6s
[sweep] n=206000000 live=2 elapsed=76.6s
[sweep] n=206200000 live=2 elapsed=76.6s
[sweep] n=206400000 live=2 elapsed=76.6s
[sweep] n=206600000 live=2 elapsed=76.6s
[sweep] n=206800000 live=2 elapsed=76.7s
[sweep] n=207000000 live=2 elapsed=76.7s
[sweep] n=207200000 live=2 elapsed=76.7s
[sweep] n=207400000 live=2 elapsed=76.7s
[sweep] n=207600000 live=2 elapsed=76.8s
[sweep] n=207800000 live=2 elapsed=76.8s
[sweep] n=208000000 live=2 elapsed=76.8s
[sweep] n=208200000 live=2 elapsed=76.8s
[sweep] n=208400000 live=2 elapsed=76.9s
[sweep] n=208600000 live=2 elapsed=76.9s
[sweep] n=208800000 live=2 elapsed=76.9s
[sweep] n=209000000 live=2 elapsed=76.9s
[sweep] n=209200000 live=2 elapsed=76.9s
[sweep] n=209400000 live=2 elapsed=77.0s
[sweep] n=209600000 live=2 elapsed=77.0s
[sweep] n=209800000 live=2 elapsed=77.0s
[sweep] n=210000000 live=2 elapsed=77.0s
[sweep] n=210200000 live=2 elapsed=77.1s
[sweep] n=210400000 live=2 elapsed=77.1s
[sweep] n=210600000 live=2 elapsed=77.1s
[sweep] n=210800000 live=2 elapsed=77.1s
[sweep] n=211000000 live=2 elapsed=77.1s
[sweep] n=211200000 live=2 elapsed=77.2s
[sweep] n=211400000 live=2 elapsed=77.2s
[sweep] n=211600000 live=2 elapsed=77.2s
[sweep] n=211800000 live=2 elapsed=77.2s
[sweep] n=212000000 live=2 elapsed=77.3s
[sweep] n=212200000 live=2 elapsed=77.3s
[sweep] n=212400000 live=2 elapsed=77.3s
[sweep] n=212600000 live=2 elapsed=77.3s
[sweep] n=212800000 live=2 elapsed=77.4s
[sweep] n=213000000 live=2 elapsed=77.4s
[sweep] n=213200000 live=2 elapsed=77.4s
[sweep] n=213400000 live=2 elapsed=77.4s
[sweep] n=213600000 live=2 elapsed=77.5s
[sweep] n=213800000 live=2 elapsed=77.5s
[sweep] n=214000000 live=2 elapsed=77.5s
[sweep] n=214200000 live=2 elapsed=77.5s
[sweep] n=214400000 live=2 elapsed=77.5s
[sweep] n=214600000 live=2 elapsed=77.6s
[sweep] n=214800000 live=2 elapsed=77.6s
[sweep] n=215000000 live=2 elapsed=77.6s
[sweep] n=215200000 live=2 elapsed=77.6s
[sweep] n=215400000 live=2 elapsed=77.7s
[sweep] n=215600000 live=2 elapsed=77.7s
[sweep] n=215800000 live=2 elapsed=77.7s
[sweep] n=216000000 live=2 elapsed=77.7s
[sweep] n=216200000 live=2 elapsed=77.8s
[sweep] n=216400000 live=2 elapsed=77.8s
[sweep] n=216600000 live=2 elapsed=77.8s
[sweep] n=216800000 live=2 elapsed=77.8s
[sweep] n=217000000 live=2 elapsed=77.8s
[sweep] n=217200000 live=2 elapsed=77.9s
[sweep] n=217400000 live=2 elapsed=77.9s
[sweep] n=217600000 live=2 elapsed=77.9s
[sweep] n=217800000 live=2 elapsed=77.9s
[sweep] n=218000000 live=2 elapsed=78.0s
[sweep] n=218200000 live=2 elapsed=78.0s
[sweep] n=218400000 live=2 elapsed=78.0s
[sweep] n=218600000 live=2 elapsed=78.0s
[sweep] n=218800000 live=2 elapsed=78.1s
[sweep] n=219000000 live=2 elapsed=78.1s
[sweep] n=219200000 live=2 elapsed=78.1s
[sweep] n=219400000 live=2 elapsed=78.1s
[sweep] n=219600000 live=2 elapsed=78.1s
[sweep] n=219800000 live=2 elapsed=78.2s
[sweep] n=220000000 live=2 elapsed=78.2s
[sweep] n=220200000 live=2 elapsed=78.2s
[sweep] n=220400000 live=2 elapsed=78.2s
[sweep] n=220600000 live=2 elapsed=78.3s
[sweep] n=220800000 live=2 elapsed=78.3s
[sweep] n=221000000 live=2 elapsed=78.3s
[sweep] n=221200000 live=2 elapsed=78.3s
[sweep] n=221400000 live=2 elapsed=78.3s
[sweep] n=221600000 live=2 elapsed=78.4s
[sweep] n=221800000 live=2 elapsed=78.4s
[sweep] n=222000000 live=2 elapsed=78.4s
[sweep] n=222200000 live=2 elapsed=78.4s
[sweep] n=222400000 live=2 elapsed=78.5s
[sweep] n=222600000 live=2 elapsed=78.5s
[sweep] n=222800000 live=2 elapsed=78.5s
[sweep] n=223000000 live=2 elapsed=78.5s
[sweep] n=223200000 live=2 elapsed=78.6s
[sweep] n=223400000 live=2 elapsed=78.6s
[sweep] n=223600000 live=2 elapsed=78.6s
[sweep] n=223800000 live=2 elapsed=78.6s
[sweep] n=224000000 live=2 elapsed=78.6s
[sweep] n=224200000 live=2 elapsed=78.7s
[sweep] n=224400000 live=2 elapsed=78.7s
[sweep] n=224600000 live=2 elapsed=78.7s
[sweep] n=224800000 live=2 elapsed=78.7s
[sweep] n=225000000 live=2 elapsed=78.8s
[sweep] n=225200000 live=2 elapsed=78.8s
[sweep] n=225400000 live=2 elapsed=78.8s
[sweep] n=225600000 live=2 elapsed=78.8s
[sweep] n=225800000 live=2 elapsed=78.9s
[sweep] n=226000000 live=2 elapsed=78.9s
[sweep] n=226200000 live=2 elapsed=78.9s
[sweep] n=226400000 live=2 elapsed=78.9s
[sweep] n=226600000 live=2 elapsed=78.9s
[sweep] n=226800000 live=2 elapsed=79.0s
[sweep] n=227000000 live=2 elapsed=79.0s
[sweep] n=227200000 live=2 elapsed=79.0s
[sweep] n=227400000 live=2 elapsed=79.0s
[sweep] n=227600000 live=2 elapsed=79.1s
[sweep] n=227800000 live=2 elapsed=79.1s
[sweep] n=228000000 live=2 elapsed=79.1s
[sweep] n=228200000 live=2 elapsed=79.1s
[sweep] n=228400000 live=2 elapsed=79.1s
[sweep] n=228600000 live=2 elapsed=79.2s
[sweep] n=228800000 live=2 elapsed=79.2s
[sweep] n=229000000 live=2 elapsed=79.2s
[sweep] n=229200000 live=2 elapsed=79.2s
[sweep] n=229400000 live=2 elapsed=79.3s
[sweep] n=229600000 live=2 elapsed=79.3s
[sweep] n=229800000 live=2 elapsed=79.3s
[sweep] n=230000000 live=2 elapsed=79.3s
[sweep] n=230200000 live=2 elapsed=79.4s
[sweep] n=230400000 live=2 elapsed=79.4s
[sweep] n=230600000 live=2 elapsed=79.4s
[sweep] n=230800000 live=2 elapsed=79.4s
[sweep] n=231000000 live=2 elapsed=79.4s
[sweep] n=231200000 live=2 elapsed=79.5s
[sweep] n=231400000 live=2 elapsed=79.5s
[sweep] n=231600000 live=2 elapsed=79.5s
[sweep] n=231800000 live=2 elapsed=79.5s
[sweep] n=232000000 live=2 elapsed=79.6s
[sweep] n=232200000 live=2 elapsed=79.6s
[sweep] n=232400000 live=2 elapsed=79.6s
[sweep] n=232600000 live=2 elapsed=79.6s
[sweep] n=232800000 live=2 elapsed=79.7s
[sweep] n=233000000 live=2 elapsed=79.7s
[sweep] n=233200000 live=2 elapsed=79.7s
[sweep] n=233400000 live=2 elapsed=79.7s
[sweep] n=233600000 live=2 elapsed=79.7s
[sweep] n=233800000 live=2 elapsed=79.8s
[sweep] n=234000000 live=2 elapsed=79.8s
[sweep] n=234200000 live=2 elapsed=79.8s
[sweep] n=234400000 live=2 elapsed=79.8s
[sweep] n=234600000 live=2 elapsed=79.9s
[sweep] n=234800000 live=2 elapsed=79.9s
[sweep] n=235000000 live=2 elapsed=79.9s
[sweep] n=235200000 live=2 elapsed=79.9s
[sweep] n=235400000 live=2 elapsed=79.9s
[sweep] n=235600000 live=2 elapsed=80.0s
[sweep] n=235800000 live=2 elapsed=80.0s
[sweep] n=236000000 live=2 elapsed=80.0s
[sweep] n=236200000 live=2 elapsed=80.0s
[sweep] n=236400000 live=2 elapsed=80.1s
[sweep] n=236600000 live=2 elapsed=80.1s
[sweep] n=236800000 live=2 elapsed=80.1s
[sweep] n=237000000 live=2 elapsed=80.1s
[sweep] n=237200000 live=2 elapsed=80.1s
[sweep] n=237400000 live=2 elapsed=80.2s
[sweep] n=237600000 live=2 elapsed=80.2s
[sweep] n=237800000 live=2 elapsed=80.2s
[sweep] n=238000000 live=2 elapsed=80.2s
[sweep] n=238200000 live=2 elapsed=80.3s
[sweep] n=238400000 live=2 elapsed=80.3s
[sweep] n=238600000 live=2 elapsed=80.3s
[sweep] n=238800000 live=2 elapsed=80.3s
[sweep] n=239000000 live=2 elapsed=80.3s
[sweep] n=239200000 live=2 elapsed=80.4s
[sweep] n=239400000 live=2 elapsed=80.4s
[sweep] n=239600000 live=2 elapsed=80.4s
[sweep] n=239800000 live=2 elapsed=80.4s
[sweep] n=240000000 live=2 elapsed=80.5s
[sweep] n=240200000 live=2 elapsed=80.5s
[sweep] n=240400000 live=2 elapsed=80.5s
[sweep] n=240600000 live=2 elapsed=80.5s
[sweep] n=240800000 live=2 elapsed=80.6s
[sweep] n=241000000 live=2 elapsed=80.6s
[sweep] n=241200000 live=2 elapsed=80.6s
[sweep] n=241400000 live=2 elapsed=80.6s
[sweep] n=241600000 live=2 elapsed=80.7s
[sweep] n=241800000 live=2 elapsed=80.7s
[sweep] n=242000000 live=2 elapsed=80.7s
[sweep] n=242200000 live=2 elapsed=80.7s
[sweep] n=242400000 live=2 elapsed=80.8s
[sweep] n=242600000 live=2 elapsed=80.8s
[sweep] n=242800000 live=2 elapsed=80.8s
[sweep] n=243000000 live=2 elapsed=80.9s
[sweep] n=243200000 live=2 elapsed=80.9s
[sweep] n=243400000 live=2 elapsed=80.9s
[sweep] n=243600000 live=2 elapsed=80.9s
[sweep] n=243800000 live=2 elapsed=81.0s
[sweep] n=244000000 live=2 elapsed=81.0s
[sweep] n=244200000 live=2 elapsed=81.0s
[sweep] n=244400000 live=2 elapsed=81.0s
[sweep] n=244600000 live=2 elapsed=81.1s
[sweep] n=244800000 live=2 elapsed=81.1s
[sweep] n=245000000 live=2 elapsed=81.1s
[sweep] n=245200000 live=2 elapsed=81.1s
[sweep] n=245400000 live=2 elapsed=81.2s
[sweep] n=245600000 live=2 elapsed=81.2s
[sweep] n=245800000 live=2 elapsed=81.2s
[sweep] n=246000000 live=2 elapsed=81.2s
[sweep] n=246200000 live=2 elapsed=81.3s
[sweep] n=246400000 live=2 elapsed=81.3s
[sweep] n=246600000 live=2 elapsed=81.3s
[sweep] n=246800000 live=2 elapsed=81.3s
[sweep] n=247000000 live=2 elapsed=81.3s
[sweep] n=247200000 live=2 elapsed=81.4s
[sweep] n=247400000 live=2 elapsed=81.4s
[sweep] n=247600000 live=2 elapsed=81.4s
[sweep] n=247800000 live=2 elapsed=81.4s
[sweep] n=248000000 live=2 elapsed=81.5s
[sweep] n=248200000 live=2 elapsed=81.5s
[sweep] n=248400000 live=2 elapsed=81.5s
[sweep] n=248600000 live=2 elapsed=81.5s
[sweep] n=248800000 live=2 elapsed=81.6s
[sweep] n=249000000 live=2 elapsed=81.6s
[sweep] n=249200000 live=2 elapsed=81.6s
[sweep] n=249400000 live=2 elapsed=81.6s
[sweep] n=249600000 live=2 elapsed=81.7s
[sweep] n=249800000 live=2 elapsed=81.7s
[sweep] n=250000000 live=2 elapsed=81.7s
[sweep] n=250200000 live=2 elapsed=81.7s
[sweep] n=250400000 live=2 elapsed=81.7s
[sweep] n=250600000 live=2 elapsed=81.8s
[sweep] n=250800000 live=2 elapsed=81.8s
[sweep] n=251000000 live=2 elapsed=81.8s
[sweep] n=251200000 live=2 elapsed=81.8s
[sweep] n=251400000 live=2 elapsed=81.9s
[sweep] n=251600000 live=2 elapsed=81.9s
[sweep] n=251800000 live=2 elapsed=81.9s
[sweep] n=252000000 live=2 elapsed=81.9s
[sweep] n=252200000 live=2 elapsed=81.9s
[sweep] n=252400000 live=2 elapsed=82.0s
[sweep] n=252600000 live=2 elapsed=82.0s
[sweep] n=252800000 live=2 elapsed=82.0s
[sweep] n=253000000 live=2 elapsed=82.0s
[sweep] n=253200000 live=2 elapsed=82.1s
[sweep] n=253400000 live=2 elapsed=82.1s
[sweep] n=253600000 live=2 elapsed=82.1s
[sweep] n=253800000 live=2 elapsed=82.1s
[sweep] n=254000000 live=2 elapsed=82.2s
[sweep] n=254200000 live=2 elapsed=82.2s
[sweep] n=254400000 live=2 elapsed=82.2s
[sweep] n=254600000 live=2 elapsed=82.2s
[sweep] n=254800000 live=2 elapsed=82.2s
[sweep] n=255000000 live=2 elapsed=82.3s
[sweep] n=255200000 live=2 elapsed=82.3s
[sweep] n=255400000 live=2 elapsed=82.3s
[sweep] n=255600000 live=2 elapsed=82.3s
[sweep] n=255800000 live=2 elapsed=82.4s
[sweep] n=256000000 live=2 elapsed=82.4s
[sweep] n=256200000 live=2 elapsed=82.4s
[sweep] n=256400000 live=2 elapsed=82.4s
[sweep] n=256600000 live=2 elapsed=82.5s
[sweep] n=256800000 live=2 elapsed=82.5s
[sweep] n=257000000 live=2 elapsed=82.5s
[sweep] n=257200000 live=2 elapsed=82.5s
[sweep] n=257400000 live=2 elapsed=82.5s
[sweep] n=257600000 live=2 elapsed=82.6s
[sweep] n=257800000 live=2 elapsed=82.6s
[sweep] n=258000000 live=2 elapsed=82.6s
[sweep] n=258200000 live=2 elapsed=82.6s
[sweep] n=258400000 live=2 elapsed=82.7s
[sweep] n=258600000 live=2 elapsed=82.7s
[sweep] n=258800000 live=2 elapsed=82.7s
[sweep] n=259000000 live=2 elapsed=82.7s
[sweep] n=259200000 live=2 elapsed=82.7s
[sweep] n=259400000 live=2 elapsed=82.8s
[sweep] n=259600000 live=2 elapsed=82.8s
[sweep] n=259800000 live=2 elapsed=82.8s
[sweep] n=260000000 live=2 elapsed=82.8s
[sweep] n=260200000 live=2 elapsed=82.9s
[sweep] n=260400000 live=2 elapsed=82.9s
[sweep] n=260600000 live=2 elapsed=82.9s
[sweep] n=260800000 live=2 elapsed=82.9s
[sweep] n=261000000 live=2 elapsed=83.0s
[sweep] n=261200000 live=2 elapsed=83.0s
[sweep] n=261400000 live=2 elapsed=83.0s
[sweep] n=261600000 live=2 elapsed=83.0s
[sweep] n=261800000 live=2 elapsed=83.0s
[sweep] n=262000000 live=2 elapsed=83.1s
[sweep] n=262200000 live=2 elapsed=83.1s
[sweep] n=262400000 live=2 elapsed=83.1s
[sweep] n=262600000 live=2 elapsed=83.1s
[sweep] n=262800000 live=2 elapsed=83.2s
[sweep] n=263000000 live=2 elapsed=83.2s
[sweep] n=263200000 live=2 elapsed=83.2s
[sweep] n=263400000 live=2 elapsed=83.2s
[sweep] n=263600000 live=2 elapsed=83.3s
[sweep] n=263800000 live=2 elapsed=83.3s
[sweep] n=264000000 live=2 elapsed=83.3s
[sweep] n=264200000 live=2 elapsed=83.3s
[sweep] n=264400000 live=2 elapsed=83.3s
[sweep] n=264600000 live=2 elapsed=83.4s
[sweep] n=264800000 live=2 elapsed=83.4s
[sweep] n=265000000 live=2 elapsed=83.4s
[sweep] n=265200000 live=2 elapsed=83.4s
[sweep] n=265400000 live=2 elapsed=83.5s
[sweep] n=265600000 live=2 elapsed=83.5s
[sweep] n=265800000 live=2 elapsed=83.5s
[sweep] n=266000000 live=2 elapsed=83.5s
[sweep] n=266200000 live=2 elapsed=83.5s
[sweep] n=266400000 live=2 elapsed=83.6s
[sweep] n=266600000 live=2 elapsed=83.6s
[sweep] n=266800000 live=2 elapsed=83.6s
[sweep] n=267000000 live=2 elapsed=83.6s
[sweep] n=267200000 live=2 elapsed=83.7s
[sweep] n=267400000 live=2 elapsed=83.7s
[sweep] n=267600000 live=2 elapsed=83.7s
[sweep] n=267800000 live=2 elapsed=83.7s
[sweep] n=268000000 live=2 elapsed=83.8s
[sweep] n=268200000 live=2 elapsed=83.8s
[sweep] n=268400000 live=2 elapsed=83.8s
[sweep] n=268600000 live=2 elapsed=83.8s
[sweep] n=268800000 live=2 elapsed=83.8s
[sweep] n=269000000 live=2 elapsed=83.9s
[sweep] n=269200000 live=2 elapsed=83.9s
[sweep] n=269400000 live=2 elapsed=83.9s
[sweep] n=269600000 live=2 elapsed=83.9s
[sweep] n=269800000 live=2 elapsed=84.0s
[sweep] n=270000000 live=2 elapsed=84.0s
[sweep] n=270200000 live=2 elapsed=84.0s
[sweep] n=270400000 live=2 elapsed=84.0s
[sweep] n=270600000 live=2 elapsed=84.1s
[sweep] n=270800000 live=2 elapsed=84.1s
[sweep] n=271000000 live=2 elapsed=84.1s
[sweep] n=271200000 live=2 elapsed=84.1s
[sweep] n=271400000 live=2 elapsed=84.1s
[sweep] n=271600000 live=2 elapsed=84.2s
[sweep] n=271800000 live=2 elapsed=84.2s
[sweep] n=272000000 live=2 elapsed=84.2s
[sweep] n=272200000 live=2 elapsed=84.2s
[sweep] n=272400000 live=2 elapsed=84.3s
[sweep] n=272600000 live=2 elapsed=84.3s
[sweep] n=272800000 live=2 elapsed=84.3s
[sweep] n=273000000 live=2 elapsed=84.3s
[sweep] n=273200000 live=2 elapsed=84.4s
[sweep] n=273400000 live=2 elapsed=84.4s
[sweep] n=273600000 live=2 elapsed=84.4s
[sweep] n=273800000 live=2 elapsed=84.4s
[sweep] n=274000000 live=2 elapsed=84.4s
[sweep] n=274200000 live=2 elapsed=84.5s
[sweep] n=274400000 live=2 elapsed=84.5s
[sweep] n=274600000 live=2 elapsed=84.5s
[sweep] n=274800000 live=2 elapsed=84.5s
[sweep] n=275000000 live=2 elapsed=84.6s
[sweep] n=275200000 live=2 elapsed=84.6s
[sweep] n=275400000 live=2 elapsed=84.6s
[sweep] n=275600000 live=2 elapsed=84.6s
[sweep] n=275800000 live=2 elapsed=84.7s
[sweep] n=276000000 live=2 elapsed=84.7s
[sweep] n=276200000 live=2 elapsed=84.7s
[sweep] n=276400000 live=2 elapsed=84.7s
[sweep] n=276600000 live=2 elapsed=84.7s
[sweep] n=276800000 live=2 elapsed=84.8s
[sweep] n=277000000 live=2 elapsed=84.8s
[sweep] n=277200000 live=2 elapsed=84.8s
[sweep] n=277400000 live=2 elapsed=84.8s
[sweep] n=277600000 live=2 elapsed=84.9s
[sweep] n=277800000 live=2 elapsed=84.9s
[sweep] n=278000000 live=2 elapsed=84.9s
[sweep] n=278200000 live=2 elapsed=84.9s
[sweep] n=278400000 live=2 elapsed=85.0s
[sweep] n=278600000 live=2 elapsed=85.0s
[sweep] n=278800000 live=2 elapsed=85.0s
[sweep] n=279000000 live=2 elapsed=85.0s
[sweep] n=279200000 live=2 elapsed=85.0s
[sweep] n=279400000 live=2 elapsed=85.1s
[sweep] n=279600000 live=2 elapsed=85.1s
[sweep] n=279800000 live=2 elapsed=85.1s
[sweep] n=280000000 live=2 elapsed=85.1s
[sweep] n=280200000 live=2 elapsed=85.2s
[sweep] n=280400000 live=2 elapsed=85.2s
[sweep] n=280600000 live=2 elapsed=85.2s
[sweep] n=280800000 live=2 elapsed=85.2s
[sweep] n=281000000 live=2 elapsed=85.3s
[sweep] n=281200000 live=2 elapsed=85.3s
[sweep] n=281400000 live=2 elapsed=85.3s
[sweep] n=281600000 live=2 elapsed=85.3s
[sweep] n=281800000 live=2 elapsed=85.3s
[sweep] n=282000000 live=2 elapsed=85.4s
[sweep] n=282200000 live=2 elapsed=85.4s
[sweep] n=282400000 live=2 elapsed=85.4s
[sweep] n=282600000 live=2 elapsed=85.4s
[sweep] n=282800000 live=2 elapsed=85.5s
[sweep] n=283000000 live=2 elapsed=85.5s
[sweep] n=283200000 live=2 elapsed=85.5s
[sweep] n=283400000 live=2 elapsed=85.5s
[sweep] n=283600000 live=2 elapsed=85.5s
[sweep] n=283800000 live=2 elapsed=85.6s
[sweep] n=284000000 live=2 elapsed=85.6s
[sweep] n=284200000 live=2 elapsed=85.6s
[sweep] n=284400000 live=2 elapsed=85.6s
[sweep] n=284600000 live=2 elapsed=85.7s
[sweep] n=284800000 live=2 elapsed=85.7s
[sweep] n=285000000 live=2 elapsed=85.7s
[sweep] n=285200000 live=2 elapsed=85.7s
[sweep] n=285400000 live=2 elapsed=85.8s
[sweep] n=285600000 live=2 elapsed=85.8s
[sweep] n=285800000 live=2 elapsed=85.8s
[sweep] n=286000000 live=2 elapsed=85.8s
[sweep] n=286200000 live=2 elapsed=85.8s
[sweep] n=286400000 live=2 elapsed=85.9s
[sweep] n=286600000 live=2 elapsed=85.9s
[sweep] n=286800000 live=2 elapsed=85.9s
[sweep] n=287000000 live=2 elapsed=85.9s
[sweep] n=287200000 live=2 elapsed=86.0s
[sweep] n=287400000 live=2 elapsed=86.0s
[sweep] n=287600000 live=2 elapsed=86.0s
[sweep] n=287800000 live=2 elapsed=86.0s
[sweep] n=288000000 live=2 elapsed=86.1s
[sweep] n=288200000 live=2 elapsed=86.1s
[sweep] n=288400000 live=2 elapsed=86.1s
[sweep] n=288600000 live=2 elapsed=86.1s
[sweep] n=288800000 live=2 elapsed=86.1s
[sweep] n=289000000 live=2 elapsed=86.2s
[sweep] n=289200000 live=2 elapsed=86.2s
[sweep] n=289400000 live=2 elapsed=86.2s
[sweep] n=289600000 live=2 elapsed=86.2s
[sweep] n=289800000 live=2 elapsed=86.3s
[sweep] n=290000000 live=2 elapsed=86.3s
[sweep] n=290200000 live=2 elapsed=86.3s
[sweep] n=290400000 live=2 elapsed=86.3s
[sweep] n=290600000 live=2 elapsed=86.4s
[sweep] n=290800000 live=2 elapsed=86.4s
[sweep] n=291000000 live=2 elapsed=86.4s
[sweep] n=291200000 live=2 elapsed=86.4s
[sweep] n=291400000 live=2 elapsed=86.4s
[sweep] n=291600000 live=2 elapsed=86.5s
[sweep] n=291800000 live=2 elapsed=86.5s
[sweep] n=292000000 live=2 elapsed=86.5s
[sweep] n=292200000 live=2 elapsed=86.5s
[sweep] n=292400000 live=2 elapsed=86.6s
[sweep] n=292600000 live=2 elapsed=86.6s
[sweep] n=292800000 live=2 elapsed=86.6s
[sweep] n=293000000 live=2 elapsed=86.6s
[sweep] n=293200000 live=2 elapsed=86.6s
[sweep] n=293400000 live=2 elapsed=86.7s
[sweep] n=293600000 live=2 elapsed=86.7s
[sweep] n=293800000 live=2 elapsed=86.7s
[sweep] n=294000000 live=2 elapsed=86.7s
[sweep] n=294200000 live=2 elapsed=86.8s
[sweep] n=294400000 live=2 elapsed=86.8s
[sweep] n=294600000 live=2 elapsed=86.8s
[sweep] n=294800000 live=2 elapsed=86.8s
[sweep] n=295000000 live=2 elapsed=86.9s
[sweep] n=295200000 live=2 elapsed=86.9s
[sweep] n=295400000 live=2 elapsed=86.9s
[sweep] n=295600000 live=2 elapsed=86.9s
[sweep] n=295800000 live=2 elapsed=86.9s
[sweep] n=296000000 live=2 elapsed=87.0s
[sweep] n=296200000 live=2 elapsed=87.0s
[sweep] n=296400000 live=2 elapsed=87.0s
[sweep] n=296600000 live=2 elapsed=87.0s
[sweep] n=296800000 live=2 elapsed=87.1s
[sweep] n=297000000 live=2 elapsed=87.1s
[sweep] n=297200000 live=2 elapsed=87.1s
[sweep] n=297400000 live=2 elapsed=87.1s
[sweep] n=297600000 live=2 elapsed=87.2s
[sweep] n=297800000 live=2 elapsed=87.2s
[sweep] n=298000000 live=2 elapsed=87.2s
[sweep] n=298200000 live=2 elapsed=87.2s
[sweep] n=298400000 live=2 elapsed=87.2s
[sweep] n=298600000 live=2 elapsed=87.3s
[sweep] n=298800000 live=2 elapsed=87.3s
[sweep] n=299000000 live=2 elapsed=87.3s
[sweep] n=299200000 live=2 elapsed=87.3s
[sweep] n=299400000 live=2 elapsed=87.4s
[sweep] n=299600000 live=2 elapsed=87.4s
[sweep] n=299800000 live=2 elapsed=87.4s
[sweep] n=300000000 live=2 elapsed=87.4s
[sweep] n=300200000 live=2 elapsed=87.4s
[sweep] n=300400000 live=2 elapsed=87.5s
[sweep] n=300600000 live=2 elapsed=87.5s
[sweep] n=300800000 live=2 elapsed=87.5s
[sweep] n=301000000 live=2 elapsed=87.5s
[sweep] n=301200000 live=2 elapsed=87.6s
[sweep] n=301400000 live=2 elapsed=87.6s
[sweep] n=301600000 live=2 elapsed=87.6s
[sweep] n=301800000 live=2 elapsed=87.6s
[sweep] n=302000000 live=2 elapsed=87.7s
[sweep] n=302200000 live=2 elapsed=87.7s
[sweep] n=302400000 live=2 elapsed=87.7s
[sweep] n=302600000 live=2 elapsed=87.7s
[sweep] n=302800000 live=2 elapsed=87.7s
[sweep] n=303000000 live=2 elapsed=87.8s
[sweep] n=303200000 live=2 elapsed=87.8s
[sweep] n=303400000 live=2 elapsed=87.8s
[sweep] n=303600000 live=2 elapsed=87.8s
[sweep] n=303800000 live=2 elapsed=87.9s
[sweep] n=304000000 live=1 elapsed=87.9s
[sweep] n=304200000 live=1 elapsed=87.9s
[sweep] n=304400000 live=1 elapsed=87.9s
[sweep] n=304600000 live=1 elapsed=87.9s
[sweep] n=304800000 live=1 elapsed=87.9s
[sweep] n=305000000 live=1 elapsed=87.9s
[sweep] n=305200000 live=1 elapsed=87.9s
[sweep] n=305400000 live=1 elapsed=88.0s
[sweep] n=305600000 live=1 elapsed=88.0s
[sweep] n=305800000 live=1 elapsed=88.0s
[sweep] n=306000000 live=1 elapsed=88.0s
[sweep] n=306200000 live=1 elapsed=88.0s
[sweep] n=306400000 live=1 elapsed=88.0s
[sweep] n=306600000 live=1 elapsed=88.0s
[sweep] n=306800000 live=1 elapsed=88.0s
[sweep] n=307000000 live=1 elapsed=88.0s
[sweep] n=307200000 live=1 elapsed=88.1s
[sweep] n=307400000 live=1 elapsed=88.1s
[sweep] n=307600000 live=1 elapsed=88.1s
[sweep] n=307800000 live=1 elapsed=88.1s
[sweep] n=308000000 live=1 elapsed=88.1s
[sweep] n=308200000 live=1 elapsed=88.1s
[sweep] n=308400000 live=1 elapsed=88.1s
[sweep] n=308600000 live=1 elapsed=88.1s
[sweep] n=308800000 live=1 elapsed=88.1s
[sweep] n=309000000 live=1 elapsed=88.2s
[sweep] n=309200000 live=1 elapsed=88.2s
[sweep] n=309400000 live=1 elapsed=88.2s
[sweep] n=309600000 live=1 elapsed=88.2s
[sweep] n=309800000 live=1 elapsed=88.2s
[sweep] n=310000000 live=1 elapsed=88.2s
[sweep] n=310200000 live=1 elapsed=88.2s
[sweep] n=310400000 live=1 elapsed=88.2s
[sweep] n=310600000 live=1 elapsed=88.3s
[sweep] n=310800000 live=1 elapsed=88.3s
[sweep] n=311000000 live=1 elapsed=88.3s
[sweep] n=311200000 live=1 elapsed=88.3s
[sweep] n=311400000 live=1 elapsed=88.3s
[sweep] n=311600000 live=1 elapsed=88.3s
[sweep] n=311800000 live=1 elapsed=88.3s
[sweep] n=312000000 live=1 elapsed=88.3s
[sweep] n=312200000 live=1 elapsed=88.3s
[sweep] n=312400000 live=1 elapsed=88.4s
[sweep] n=312600000 live=1 elapsed=88.4s
[sweep] n=312800000 live=1 elapsed=88.4s
[sweep] n=313000000 live=1 elapsed=88.4s
[sweep] n=313200000 live=1 elapsed=88.4s
[sweep] n=313400000 live=1 elapsed=88.4s
[sweep] n=313600000 live=1 elapsed=88.4s
[sweep] n=313800000 live=1 elapsed=88.4s
[sweep] n=314000000 live=1 elapsed=88.4s
[sweep] n=314200000 live=1 elapsed=88.5s
[sweep] n=314400000 live=1 elapsed=88.5s
[sweep] n=314600000 live=1 elapsed=88.5s
[sweep] n=314800000 live=1 elapsed=88.5s
[sweep] n=315000000 live=1 elapsed=88.5s
[sweep] n=315200000 live=1 elapsed=88.5s
[sweep] n=315400000 live=1 elapsed=88.5s
[sweep] n=315600000 live=1 elapsed=88.5s
[sweep] n=315800000 live=1 elapsed=88.6s
[sweep] n=316000000 live=1 elapsed=88.6s
[sweep] n=316200000 live=1 elapsed=88.6s
[sweep] n=316400000 live=1 elapsed=88.6s
[sweep] n=316600000 live=1 elapsed=88.6s
[sweep] n=316800000 live=1 elapsed=88.6s
[sweep] n=317000000 live=1 elapsed=88.6s
[sweep] n=317200000 live=1 elapsed=88.6s
[sweep] n=317400000 live=1 elapsed=88.6s
[sweep] n=317600000 live=1 elapsed=88.7s
[sweep] n=317800000 live=1 elapsed=88.7s
[sweep] n=318000000 live=1 elapsed=88.7s
[sweep] n=318200000 live=1 elapsed=88.7s
[sweep] n=318400000 live=1 elapsed=88.7s
[sweep] n=318600000 live=1 elapsed=88.7s
[sweep] n=318800000 live=1 elapsed=88.7s
[sweep] n=319000000 live=1 elapsed=88.7s
[sweep] n=319200000 live=1 elapsed=88.7s
[sweep] n=319400000 live=1 elapsed=88.8s
[sweep] n=319600000 live=1 elapsed=88.8s
[sweep] n=319800000 live=1 elapsed=88.8s
[sweep] n=320000000 live=1 elapsed=88.8s
[sweep] n=320200000 live=1 elapsed=88.8s
[sweep] n=320400000 live=1 elapsed=88.8s
[sweep] n=320600000 live=1 elapsed=88.8s
[sweep] n=320800000 live=1 elapsed=88.8s
[sweep] n=321000000 live=1 elapsed=88.9s
[sweep] n=321200000 live=1 elapsed=88.9s
[sweep] n=321400000 live=1 elapsed=88.9s
[sweep] n=321600000 live=1 elapsed=88.9s
[sweep] n=321800000 live=1 elapsed=88.9s
[sweep] n=322000000 live=1 elapsed=88.9s
[sweep] n=322200000 live=1 elapsed=88.9s
[sweep] n=322400000 live=1 elapsed=88.9s
[sweep] n=322600000 live=1 elapsed=88.9s
[sweep] n=322800000 live=1 elapsed=89.0s
[sweep] n=323000000 live=1 elapsed=89.0s
[sweep] n=323200000 live=1 elapsed=89.0s
[sweep] n=323400000 live=1 elapsed=89.0s
[sweep] n=323600000 live=1 elapsed=89.0s
[sweep] n=323800000 live=1 elapsed=89.0s
[sweep] n=324000000 live=1 elapsed=89.0s
[sweep] n=324200000 live=1 elapsed=89.0s
[sweep] n=324400000 live=1 elapsed=89.0s
[sweep] n=324600000 live=1 elapsed=89.1s
[sweep] n=324800000 live=1 elapsed=89.1s
[sweep] n=325000000 live=1 elapsed=89.1s
[sweep] n=325200000 live=1 elapsed=89.1s
[sweep] n=325400000 live=1 elapsed=89.1s
[sweep] n=325600000 live=1 elapsed=89.1s
[sweep] n=325800000 live=1 elapsed=89.1s
[sweep] n=326000000 live=1 elapsed=89.1s
[sweep] n=326200000 live=1 elapsed=89.2s
[sweep] n=326400000 live=1 elapsed=89.2s
[sweep] n=326600000 live=1 elapsed=89.2s
[sweep] n=326800000 live=1 elapsed=89.2s
[sweep] n=327000000 live=1 elapsed=89.2s
[sweep] n=327200000 live=1 elapsed=89.2s
[sweep] n=327400000 live=1 elapsed=89.2s
[sweep] n=327600000 live=1 elapsed=89.2s
range                    : 1..=10000000  (10000000 starts)
verified empty at index  : 327695232
last index with an absorb: 327695231
live remaining           : 0
peak distinct live       : 10000000
total merges             : 9990089
total absorbed           : 9911
sweep work (sum of live) : 1706026290
absorb-profile digest    : 0x73c93ab2ac1b9d32
elapsed seconds          : 89.24
accounting  merges+absorbed+live = 10000000  (must equal 10000000)
